Archive member included to satisfy reference by file (symbol)

.\CortexM0\ARM_GCC_541\Debug\Lab010.a(CapSense_Control.o)
                              .\CortexM0\ARM_GCC_541\Debug\main.o (CapSense_Start)
.\CortexM0\ARM_GCC_541\Debug\Lab010.a(CapSense_Processing.o)
                              .\CortexM0\ARM_GCC_541\Debug\Lab010.a(CapSense_Control.o) (CapSense_DpInitialize)
.\CortexM0\ARM_GCC_541\Debug\Lab010.a(CapSense_Structure.o)
                              .\CortexM0\ARM_GCC_541\Debug\Lab010.a(CapSense_Control.o) (CapSense_DsInitialize)
.\CortexM0\ARM_GCC_541\Debug\Lab010.a(CapSense_Tuner.o)
                              .\CortexM0\ARM_GCC_541\Debug\Lab010.a(CapSense_Control.o) (CapSense_TuInitialize)
.\CortexM0\ARM_GCC_541\Debug\Lab010.a(CapSense_Filter.o)
                              .\CortexM0\ARM_GCC_541\Debug\Lab010.a(CapSense_Control.o) (CapSense_InitializeAllBaselines)
.\CortexM0\ARM_GCC_541\Debug\Lab010.a(CapSense_Sensing.o)
                              .\CortexM0\ARM_GCC_541\Debug\main.o (CapSense_IsBusy)
.\CortexM0\ARM_GCC_541\Debug\Lab010.a(CapSense_SensingCSD_LL.o)
                              .\CortexM0\ARM_GCC_541\Debug\Lab010.a(CapSense_Sensing.o) (CapSense_SsCSDInitialize)
.\CortexM0\ARM_GCC_541\Debug\Lab010.a(led.o)
                              .\CortexM0\ARM_GCC_541\Debug\main.o (led_Write)
.\CortexM0\ARM_GCC_541\Debug\Lab010.a(CapSense_ISR.o)
                              .\CortexM0\ARM_GCC_541\Debug\Lab010.a(CapSense_Sensing.o) (CapSense_ISR_StartEx)
.\CortexM0\ARM_GCC_541\Debug\Lab010.a(CyLib.o)
                              .\CortexM0\ARM_GCC_541\Debug\cyfitter_cfg.o (CyIntEnable)
.\CortexM0\ARM_GCC_541\Debug\Lab010.a(CyLFClk.o)
                              .\CortexM0\ARM_GCC_541\Debug\cyfitter_cfg.o (CySysWdtIsr)
.\CortexM0\ARM_GCC_541\Debug\Lab010.a(CyBootAsmGnu.o)
                              .\CortexM0\ARM_GCC_541\Debug\Lab010.a(CapSense_SensingCSD_LL.o) (CyDelayCycles)
.\CortexM0\ARM_GCC_541\Debug\Lab010.a(CapSense_INT.o)
                              .\CortexM0\ARM_GCC_541\Debug\Lab010.a(CapSense_SensingCSD_LL.o) (CapSense_CSDPostSingleScan)
C:\Program Files (x86)\Cypress\PSoC Creator\4.4\PSoC Creator\psoc\content\CyComponentLibrary\CyComponentLibrary.cylib\CapSense_P4_v7_0\PSoC4\Library\Capsense_P4Library_GCC.a(CapSense_SmartSense_LL.o)
                              .\CortexM0\ARM_GCC_541\Debug\Lab010.a(CapSense_Sensing.o) (SmartSense_TunePrescalers)
C:\Program Files (x86)\Cypress\PSoC Creator\4.4\PSoC Creator\psoc\content\CyComponentLibrary\CyComponentLibrary.cylib\CapSense_P4_v7_0\PSoC4\Library\Capsense_P4Library_GCC.a(CapSense_SmartSense_SL.o)
                              .\CortexM0\ARM_GCC_541\Debug\Lab010.a(CapSense_Processing.o) (SmartSense_UpdateThresholds)
c:/program files (x86)/cypress/psoc creator/4.4/psoc creator/import/gnu/arm/5.4.1/bin/../lib/gcc/arm-none-eabi/5.4.1/armv6-m\libgcc.a(_udivsi3.o)
                              .\CortexM0\ARM_GCC_541\Debug\Lab010.a(CapSense_Sensing.o) (__aeabi_uidiv)
c:/program files (x86)/cypress/psoc creator/4.4/psoc creator/import/gnu/arm/5.4.1/bin/../lib/gcc/arm-none-eabi/5.4.1/armv6-m\libgcc.a(_dvmd_tls.o)
                              c:/program files (x86)/cypress/psoc creator/4.4/psoc creator/import/gnu/arm/5.4.1/bin/../lib/gcc/arm-none-eabi/5.4.1/armv6-m\libgcc.a(_udivsi3.o) (__aeabi_idiv0)
c:/program files (x86)/cypress/psoc creator/4.4/psoc creator/import/gnu/arm/5.4.1/bin/../lib/gcc/arm-none-eabi/5.4.1/../../../../arm-none-eabi/lib/armv6-m\libg_nano.a(lib_a-errno.o)
                              .\CortexM0\ARM_GCC_541\Debug\Cm0Start.o (__errno)
c:/program files (x86)/cypress/psoc creator/4.4/psoc creator/import/gnu/arm/5.4.1/bin/../lib/gcc/arm-none-eabi/5.4.1/../../../../arm-none-eabi/lib/armv6-m\libg_nano.a(lib_a-exit.o)
                              c:/program files (x86)/cypress/psoc creator/4.4/psoc creator/import/gnu/arm/5.4.1/bin/../lib/gcc/arm-none-eabi/5.4.1/../../../../arm-none-eabi/lib/armv6-m/crt0.o (exit)
c:/program files (x86)/cypress/psoc creator/4.4/psoc creator/import/gnu/arm/5.4.1/bin/../lib/gcc/arm-none-eabi/5.4.1/../../../../arm-none-eabi/lib/armv6-m\libg_nano.a(lib_a-impure.o)
                              c:/program files (x86)/cypress/psoc creator/4.4/psoc creator/import/gnu/arm/5.4.1/bin/../lib/gcc/arm-none-eabi/5.4.1/../../../../arm-none-eabi/lib/armv6-m\libg_nano.a(lib_a-exit.o) (_global_impure_ptr)
c:/program files (x86)/cypress/psoc creator/4.4/psoc creator/import/gnu/arm/5.4.1/bin/../lib/gcc/arm-none-eabi/5.4.1/../../../../arm-none-eabi/lib/armv6-m\libg_nano.a(lib_a-init.o)
                              c:/program files (x86)/cypress/psoc creator/4.4/psoc creator/import/gnu/arm/5.4.1/bin/../lib/gcc/arm-none-eabi/5.4.1/../../../../arm-none-eabi/lib/armv6-m/crt0.o (__libc_init_array)
c:/program files (x86)/cypress/psoc creator/4.4/psoc creator/import/gnu/arm/5.4.1/bin/../lib/gcc/arm-none-eabi/5.4.1/../../../../arm-none-eabi/lib/armv6-m\libg_nano.a(lib_a-memcpy-stub.o)
                              .\CortexM0\ARM_GCC_541\Debug\Lab010.a(CapSense_Structure.o) (memcpy)
c:/program files (x86)/cypress/psoc creator/4.4/psoc creator/import/gnu/arm/5.4.1/bin/../lib/gcc/arm-none-eabi/5.4.1/../../../../arm-none-eabi/lib/armv6-m\libg_nano.a(lib_a-memset.o)
                              c:/program files (x86)/cypress/psoc creator/4.4/psoc creator/import/gnu/arm/5.4.1/bin/../lib/gcc/arm-none-eabi/5.4.1/../../../../arm-none-eabi/lib/armv6-m/crt0.o (memset)

Allocating common symbols
Common symbol       size              file

CapSense_dsRam      0x44              .\CortexM0\ARM_GCC_541\Debug\Lab010.a(CapSense_Structure.o)
CapSense_curRamSnsPtr
                    0x4               .\CortexM0\ARM_GCC_541\Debug\Lab010.a(CapSense_Sensing.o)
CapSense_curSnsIOPtr
                    0x4               .\CortexM0\ARM_GCC_541\Debug\Lab010.a(CapSense_Sensing.o)

Discarded input sections

 .text          0x00000000        0x0 c:/program files (x86)/cypress/psoc creator/4.4/psoc creator/import/gnu/arm/5.4.1/bin/../lib/gcc/arm-none-eabi/5.4.1/armv6-m/crti.o
 .data          0x00000000        0x0 c:/program files (x86)/cypress/psoc creator/4.4/psoc creator/import/gnu/arm/5.4.1/bin/../lib/gcc/arm-none-eabi/5.4.1/armv6-m/crti.o
 .bss           0x00000000        0x0 c:/program files (x86)/cypress/psoc creator/4.4/psoc creator/import/gnu/arm/5.4.1/bin/../lib/gcc/arm-none-eabi/5.4.1/armv6-m/crti.o
 .data          0x00000000        0x4 c:/program files (x86)/cypress/psoc creator/4.4/psoc creator/import/gnu/arm/5.4.1/bin/../lib/gcc/arm-none-eabi/5.4.1/armv6-m/crtbegin.o
 .text          0x00000000       0x78 c:/program files (x86)/cypress/psoc creator/4.4/psoc creator/import/gnu/arm/5.4.1/bin/../lib/gcc/arm-none-eabi/5.4.1/../../../../arm-none-eabi/lib/armv6-m/crt0.o
 .data          0x00000000        0x0 c:/program files (x86)/cypress/psoc creator/4.4/psoc creator/import/gnu/arm/5.4.1/bin/../lib/gcc/arm-none-eabi/5.4.1/../../../../arm-none-eabi/lib/armv6-m/crt0.o
 .bss           0x00000000        0x0 c:/program files (x86)/cypress/psoc creator/4.4/psoc creator/import/gnu/arm/5.4.1/bin/../lib/gcc/arm-none-eabi/5.4.1/../../../../arm-none-eabi/lib/armv6-m/crt0.o
 .ARM.extab     0x00000000        0x0 c:/program files (x86)/cypress/psoc creator/4.4/psoc creator/import/gnu/arm/5.4.1/bin/../lib/gcc/arm-none-eabi/5.4.1/../../../../arm-none-eabi/lib/armv6-m/crt0.o
 .ARM.exidx     0x00000000        0x8 c:/program files (x86)/cypress/psoc creator/4.4/psoc creator/import/gnu/arm/5.4.1/bin/../lib/gcc/arm-none-eabi/5.4.1/../../../../arm-none-eabi/lib/armv6-m/crt0.o
 .text          0x00000000        0x0 .\CortexM0\ARM_GCC_541\Debug\main.o
 .data          0x00000000        0x0 .\CortexM0\ARM_GCC_541\Debug\main.o
 .bss           0x00000000        0x0 .\CortexM0\ARM_GCC_541\Debug\main.o
 .text          0x00000000        0x0 .\CortexM0\ARM_GCC_541\Debug\cyfitter_cfg.o
 .data          0x00000000        0x0 .\CortexM0\ARM_GCC_541\Debug\cyfitter_cfg.o
 .bss           0x00000000        0x0 .\CortexM0\ARM_GCC_541\Debug\cyfitter_cfg.o
 .text          0x00000000        0x0 .\CortexM0\ARM_GCC_541\Debug\cymetadata.o
 .data          0x00000000        0x0 .\CortexM0\ARM_GCC_541\Debug\cymetadata.o
 .bss           0x00000000        0x0 .\CortexM0\ARM_GCC_541\Debug\cymetadata.o
 .text          0x00000000        0x0 .\CortexM0\ARM_GCC_541\Debug\Cm0Start.o
 .data          0x00000000        0x4 .\CortexM0\ARM_GCC_541\Debug\Cm0Start.o
 .bss           0x00000000        0x0 .\CortexM0\ARM_GCC_541\Debug\Cm0Start.o
 .text._exit    0x00000000        0xc .\CortexM0\ARM_GCC_541\Debug\Cm0Start.o
 .text._sbrk    0x00000000       0x30 .\CortexM0\ARM_GCC_541\Debug\Cm0Start.o
 .text          0x00000000        0x0 .\CortexM0\ARM_GCC_541\Debug\Lab010.a(CapSense_Control.o)
 .data          0x00000000        0x0 .\CortexM0\ARM_GCC_541\Debug\Lab010.a(CapSense_Control.o)
 .text.CapSense_Stop
                0x00000000       0x10 .\CortexM0\ARM_GCC_541\Debug\Lab010.a(CapSense_Control.o)
 .text.CapSense_Resume
                0x00000000       0x24 .\CortexM0\ARM_GCC_541\Debug\Lab010.a(CapSense_Control.o)
 .text.CapSense_ProcessWidget
                0x00000000       0x4c .\CortexM0\ARM_GCC_541\Debug\Lab010.a(CapSense_Control.o)
 .text.CapSense_ProcessWidgetExt
                0x00000000       0x54 .\CortexM0\ARM_GCC_541\Debug\Lab010.a(CapSense_Control.o)
 .text.CapSense_ProcessSensorExt
                0x00000000       0x34 .\CortexM0\ARM_GCC_541\Debug\Lab010.a(CapSense_Control.o)
 .text.CapSense_Sleep
                0x00000000        0x4 .\CortexM0\ARM_GCC_541\Debug\Lab010.a(CapSense_Control.o)
 .text.CapSense_Wakeup
                0x00000000        0x4 .\CortexM0\ARM_GCC_541\Debug\Lab010.a(CapSense_Control.o)
 .text          0x00000000        0x0 .\CortexM0\ARM_GCC_541\Debug\Lab010.a(CapSense_Processing.o)
 .data          0x00000000        0x0 .\CortexM0\ARM_GCC_541\Debug\Lab010.a(CapSense_Processing.o)
 .bss           0x00000000        0x0 .\CortexM0\ARM_GCC_541\Debug\Lab010.a(CapSense_Processing.o)
 .text.CapSense_DpProcessCsdSensorRawCountsExt
                0x00000000       0x54 .\CortexM0\ARM_GCC_541\Debug\Lab010.a(CapSense_Processing.o)
 .text          0x00000000        0x0 .\CortexM0\ARM_GCC_541\Debug\Lab010.a(CapSense_Structure.o)
 .data          0x00000000        0x0 .\CortexM0\ARM_GCC_541\Debug\Lab010.a(CapSense_Structure.o)
 .text.DsParseParamId
                0x00000000       0x7c .\CortexM0\ARM_GCC_541\Debug\Lab010.a(CapSense_Structure.o)
 .text.CapSense_GetParam
                0x00000000       0x5c .\CortexM0\ARM_GCC_541\Debug\Lab010.a(CapSense_Structure.o)
 .text.CapSense_SetParam
                0x00000000       0x58 .\CortexM0\ARM_GCC_541\Debug\Lab010.a(CapSense_Structure.o)
 .text.CapSense_IsAnyWidgetActive
                0x00000000       0x20 .\CortexM0\ARM_GCC_541\Debug\Lab010.a(CapSense_Structure.o)
 .text.CapSense_IsSensorActive
                0x00000000       0x30 .\CortexM0\ARM_GCC_541\Debug\Lab010.a(CapSense_Structure.o)
 .text          0x00000000        0x0 .\CortexM0\ARM_GCC_541\Debug\Lab010.a(CapSense_Tuner.o)
 .data          0x00000000        0x0 .\CortexM0\ARM_GCC_541\Debug\Lab010.a(CapSense_Tuner.o)
 .text.CapSense_RunTuner
                0x00000000      0x10c .\CortexM0\ARM_GCC_541\Debug\Lab010.a(CapSense_Tuner.o)
 .rodata        0x00000000       0x1c .\CortexM0\ARM_GCC_541\Debug\Lab010.a(CapSense_Tuner.o)
 .text          0x00000000        0x0 .\CortexM0\ARM_GCC_541\Debug\Lab010.a(CapSense_Filter.o)
 .data          0x00000000        0x0 .\CortexM0\ARM_GCC_541\Debug\Lab010.a(CapSense_Filter.o)
 .bss           0x00000000        0x0 .\CortexM0\ARM_GCC_541\Debug\Lab010.a(CapSense_Filter.o)
 .text.CapSense_RunNoiseEnvelope
                0x00000000       0x2c .\CortexM0\ARM_GCC_541\Debug\Lab010.a(CapSense_Filter.o)
 .text.CapSense_InitializeNoiseEnvelope
                0x00000000       0x2c .\CortexM0\ARM_GCC_541\Debug\Lab010.a(CapSense_Filter.o)
 .text.CapSense_UpdateSensorBaseline
                0x00000000       0x24 .\CortexM0\ARM_GCC_541\Debug\Lab010.a(CapSense_Filter.o)
 .text.CapSense_UpdateWidgetBaseline
                0x00000000       0x2c .\CortexM0\ARM_GCC_541\Debug\Lab010.a(CapSense_Filter.o)
 .text.CapSense_UpdateAllBaselines
                0x00000000       0x1c .\CortexM0\ARM_GCC_541\Debug\Lab010.a(CapSense_Filter.o)
 .text          0x00000000        0x0 .\CortexM0\ARM_GCC_541\Debug\Lab010.a(CapSense_Sensing.o)
 .data          0x00000000        0x0 .\CortexM0\ARM_GCC_541\Debug\Lab010.a(CapSense_Sensing.o)
 .text.CapSense_SetupWidgetExt
                0x00000000       0x54 .\CortexM0\ARM_GCC_541\Debug\Lab010.a(CapSense_Sensing.o)
 .text.CapSense_ScanExt
                0x00000000       0x2c .\CortexM0\ARM_GCC_541\Debug\Lab010.a(CapSense_Sensing.o)
 .text.CapSense_SetPinState
                0x00000000       0x9c .\CortexM0\ARM_GCC_541\Debug\Lab010.a(CapSense_Sensing.o)
 .text.CapSense_SsIsrInitialize
                0x00000000        0x8 .\CortexM0\ARM_GCC_541\Debug\Lab010.a(CapSense_Sensing.o)
 .text.CapSense_SsSetClockDividers
                0x00000000       0x14 .\CortexM0\ARM_GCC_541\Debug\Lab010.a(CapSense_Sensing.o)
 .text.CapSense_CalibrateWidget
                0x00000000       0x1c .\CortexM0\ARM_GCC_541\Debug\Lab010.a(CapSense_Sensing.o)
 .text.CapSense_CalibrateAllWidgets
                0x00000000       0x1c .\CortexM0\ARM_GCC_541\Debug\Lab010.a(CapSense_Sensing.o)
 .text.CapSense_SetInactiveElectrodeState
                0x00000000       0x1c .\CortexM0\ARM_GCC_541\Debug\Lab010.a(CapSense_Sensing.o)
 .text.CapSense_DischargeExtCapacitors
                0x00000000       0x94 .\CortexM0\ARM_GCC_541\Debug\Lab010.a(CapSense_Sensing.o)
 .text          0x00000000        0x0 .\CortexM0\ARM_GCC_541\Debug\Lab010.a(CapSense_SensingCSD_LL.o)
 .text.CapSense_SsCSDDisconnectSnsExt
                0x00000000       0x24 .\CortexM0\ARM_GCC_541\Debug\Lab010.a(CapSense_SensingCSD_LL.o)
 .text          0x00000000        0x0 .\CortexM0\ARM_GCC_541\Debug\Lab010.a(led.o)
 .data          0x00000000        0x0 .\CortexM0\ARM_GCC_541\Debug\Lab010.a(led.o)
 .bss           0x00000000        0x0 .\CortexM0\ARM_GCC_541\Debug\Lab010.a(led.o)
 .text.led_SetDriveMode
                0x00000000       0x14 .\CortexM0\ARM_GCC_541\Debug\Lab010.a(led.o)
 .text.led_Read
                0x00000000       0x10 .\CortexM0\ARM_GCC_541\Debug\Lab010.a(led.o)
 .text.led_ReadDataReg
                0x00000000       0x10 .\CortexM0\ARM_GCC_541\Debug\Lab010.a(led.o)
 .text.led_SetInterruptMode
                0x00000000       0x14 .\CortexM0\ARM_GCC_541\Debug\Lab010.a(led.o)
 .text.led_ClearInterrupt
                0x00000000       0x10 .\CortexM0\ARM_GCC_541\Debug\Lab010.a(led.o)
 .text          0x00000000        0x0 .\CortexM0\ARM_GCC_541\Debug\Lab010.a(CapSense_ISR.o)
 .data          0x00000000        0x0 .\CortexM0\ARM_GCC_541\Debug\Lab010.a(CapSense_ISR.o)
 .bss           0x00000000        0x0 .\CortexM0\ARM_GCC_541\Debug\Lab010.a(CapSense_ISR.o)
 .text.CapSense_ISR_Interrupt
                0x00000000        0x4 .\CortexM0\ARM_GCC_541\Debug\Lab010.a(CapSense_ISR.o)
 .text.CapSense_ISR_GetVector
                0x00000000        0xc .\CortexM0\ARM_GCC_541\Debug\Lab010.a(CapSense_ISR.o)
 .text.CapSense_ISR_GetPriority
                0x00000000        0xc .\CortexM0\ARM_GCC_541\Debug\Lab010.a(CapSense_ISR.o)
 .text.CapSense_ISR_GetState
                0x00000000       0x14 .\CortexM0\ARM_GCC_541\Debug\Lab010.a(CapSense_ISR.o)
 .text.CapSense_ISR_Start
                0x00000000       0x1c .\CortexM0\ARM_GCC_541\Debug\Lab010.a(CapSense_ISR.o)
 .text.CapSense_ISR_Stop
                0x00000000       0x14 .\CortexM0\ARM_GCC_541\Debug\Lab010.a(CapSense_ISR.o)
 .text.CapSense_ISR_SetPending
                0x00000000       0x10 .\CortexM0\ARM_GCC_541\Debug\Lab010.a(CapSense_ISR.o)
 .text.CapSense_ISR_ClearPending
                0x00000000       0x10 .\CortexM0\ARM_GCC_541\Debug\Lab010.a(CapSense_ISR.o)
 .text          0x00000000        0x0 .\CortexM0\ARM_GCC_541\Debug\Lab010.a(CyLib.o)
 .bss           0x00000000       0x18 .\CortexM0\ARM_GCC_541\Debug\Lab010.a(CyLib.o)
 .text.CySysClkImoStart
                0x00000000       0x14 .\CortexM0\ARM_GCC_541\Debug\Lab010.a(CyLib.o)
 .text.CySysClkImoStop
                0x00000000       0x10 .\CortexM0\ARM_GCC_541\Debug\Lab010.a(CyLib.o)
 .text.CySysClkWriteHfclkDirect
                0x00000000       0x20 .\CortexM0\ARM_GCC_541\Debug\Lab010.a(CyLib.o)
 .text.CySysEnablePumpClock
                0x00000000       0x38 .\CortexM0\ARM_GCC_541\Debug\Lab010.a(CyLib.o)
 .text.CySysClkGetSysclkSource
                0x00000000       0x1c .\CortexM0\ARM_GCC_541\Debug\Lab010.a(CyLib.o)
 .text.CySysClkWriteSysclkDiv
                0x00000000       0x30 .\CortexM0\ARM_GCC_541\Debug\Lab010.a(CyLib.o)
 .text.CySysLvdDisable
                0x00000000       0x20 .\CortexM0\ARM_GCC_541\Debug\Lab010.a(CyLib.o)
 .text.CySysLvdGetInterruptSource
                0x00000000       0x10 .\CortexM0\ARM_GCC_541\Debug\Lab010.a(CyLib.o)
 .text.CySysLvdClearInterrupt
                0x00000000        0xc .\CortexM0\ARM_GCC_541\Debug\Lab010.a(CyLib.o)
 .text.CySysGetResetReason
                0x00000000       0x14 .\CortexM0\ARM_GCC_541\Debug\Lab010.a(CyLib.o)
 .text.CyDisableInts
                0x00000000       0x10 .\CortexM0\ARM_GCC_541\Debug\Lab010.a(CyLib.o)
 .text.CyEnableInts
                0x00000000        0xc .\CortexM0\ARM_GCC_541\Debug\Lab010.a(CyLib.o)
 .text.CyIntGetState
                0x00000000       0x18 .\CortexM0\ARM_GCC_541\Debug\Lab010.a(CyLib.o)
 .text.CyIntDisable
                0x00000000       0x14 .\CortexM0\ARM_GCC_541\Debug\Lab010.a(CyLib.o)
 .text.CyIntSetPending
                0x00000000       0x14 .\CortexM0\ARM_GCC_541\Debug\Lab010.a(CyLib.o)
 .text.CyIntClearPending
                0x00000000       0x14 .\CortexM0\ARM_GCC_541\Debug\Lab010.a(CyLib.o)
 .text.CyIntSetSysVector
                0x00000000       0x20 .\CortexM0\ARM_GCC_541\Debug\Lab010.a(CyLib.o)
 .text.CyIntGetSysVector
                0x00000000       0x1c .\CortexM0\ARM_GCC_541\Debug\Lab010.a(CyLib.o)
 .text.CyIntGetVector
                0x00000000       0x20 .\CortexM0\ARM_GCC_541\Debug\Lab010.a(CyLib.o)
 .text.CyIntSetPriority
                0x00000000       0x4c .\CortexM0\ARM_GCC_541\Debug\Lab010.a(CyLib.o)
 .text.CyIntGetPriority
                0x00000000       0x2c .\CortexM0\ARM_GCC_541\Debug\Lab010.a(CyLib.o)
 .text.CySoftwareReset
                0x00000000       0x18 .\CortexM0\ARM_GCC_541\Debug\Lab010.a(CyLib.o)
 .text.CyDelay  0x00000000       0x30 .\CortexM0\ARM_GCC_541\Debug\Lab010.a(CyLib.o)
 .text.CySysLvdEnable
                0x00000000       0x44 .\CortexM0\ARM_GCC_541\Debug\Lab010.a(CyLib.o)
 .text.CyDelayFreq
                0x00000000       0x4c .\CortexM0\ARM_GCC_541\Debug\Lab010.a(CyLib.o)
 .text.CySysTickStop
                0x00000000       0x10 .\CortexM0\ARM_GCC_541\Debug\Lab010.a(CyLib.o)
 .text.CySysTickEnableInterrupt
                0x00000000       0x10 .\CortexM0\ARM_GCC_541\Debug\Lab010.a(CyLib.o)
 .text.CySysTickEnable
                0x00000000       0x18 .\CortexM0\ARM_GCC_541\Debug\Lab010.a(CyLib.o)
 .text.CySysTickDisableInterrupt
                0x00000000       0x10 .\CortexM0\ARM_GCC_541\Debug\Lab010.a(CyLib.o)
 .text.CySysTickSetReload
                0x00000000       0x10 .\CortexM0\ARM_GCC_541\Debug\Lab010.a(CyLib.o)
 .text.CySysTickGetReload
                0x00000000       0x10 .\CortexM0\ARM_GCC_541\Debug\Lab010.a(CyLib.o)
 .text.CySysTickGetValue
                0x00000000       0x10 .\CortexM0\ARM_GCC_541\Debug\Lab010.a(CyLib.o)
 .text.CySysTickGetCountFlag
                0x00000000       0x10 .\CortexM0\ARM_GCC_541\Debug\Lab010.a(CyLib.o)
 .text.CySysTickServiceCallbacks
                0x00000000       0x28 .\CortexM0\ARM_GCC_541\Debug\Lab010.a(CyLib.o)
 .text.CySysTickClear
                0x00000000        0xc .\CortexM0\ARM_GCC_541\Debug\Lab010.a(CyLib.o)
 .text.CySysTickInit
                0x00000000       0x40 .\CortexM0\ARM_GCC_541\Debug\Lab010.a(CyLib.o)
 .text.CySysTickStart
                0x00000000       0x20 .\CortexM0\ARM_GCC_541\Debug\Lab010.a(CyLib.o)
 .text.CySysTickSetCallback
                0x00000000       0x10 .\CortexM0\ARM_GCC_541\Debug\Lab010.a(CyLib.o)
 .text.CySysTickGetCallback
                0x00000000        0xc .\CortexM0\ARM_GCC_541\Debug\Lab010.a(CyLib.o)
 .text.CyGetUniqueId
                0x00000000       0x70 .\CortexM0\ARM_GCC_541\Debug\Lab010.a(CyLib.o)
 .text          0x00000000        0x0 .\CortexM0\ARM_GCC_541\Debug\Lab010.a(CyLFClk.o)
 .text.CySysClkIloEnabled
                0x00000000       0x14 .\CortexM0\ARM_GCC_541\Debug\Lab010.a(CyLFClk.o)
 .text.CySysClkIloStart
                0x00000000       0x14 .\CortexM0\ARM_GCC_541\Debug\Lab010.a(CyLFClk.o)
 .text.CySysClkIloStartMeasurement
                0x00000000       0x34 .\CortexM0\ARM_GCC_541\Debug\Lab010.a(CyLFClk.o)
 .text.CySysClkIloStopMeasurement
                0x00000000       0x14 .\CortexM0\ARM_GCC_541\Debug\Lab010.a(CyLFClk.o)
 .text.CySysClkIloCompensate
                0x00000000      0x104 .\CortexM0\ARM_GCC_541\Debug\Lab010.a(CyLFClk.o)
 .text.CySysWdtGetEnabledStatus
                0x00000000       0x24 .\CortexM0\ARM_GCC_541\Debug\Lab010.a(CyLFClk.o)
 .text.CySysWdtSetMode
                0x00000000       0x38 .\CortexM0\ARM_GCC_541\Debug\Lab010.a(CyLFClk.o)
 .text.CySysClkLfclkPosedgeRestore
                0x00000000       0x2c .\CortexM0\ARM_GCC_541\Debug\Lab010.a(CyLFClk.o)
 .text.CySysWdtGetMode
                0x00000000       0x14 .\CortexM0\ARM_GCC_541\Debug\Lab010.a(CyLFClk.o)
 .text.CySysWdtSetClearOnMatch
                0x00000000       0x34 .\CortexM0\ARM_GCC_541\Debug\Lab010.a(CyLFClk.o)
 .text.CySysWdtGetClearOnMatch
                0x00000000       0x24 .\CortexM0\ARM_GCC_541\Debug\Lab010.a(CyLFClk.o)
 .text.CySysWdtEnable
                0x00000000       0x40 .\CortexM0\ARM_GCC_541\Debug\Lab010.a(CyLFClk.o)
 .text.CySysWdtDisable
                0x00000000       0x44 .\CortexM0\ARM_GCC_541\Debug\Lab010.a(CyLFClk.o)
 .text.CySysWdtSetCascade
                0x00000000       0x34 .\CortexM0\ARM_GCC_541\Debug\Lab010.a(CyLFClk.o)
 .text.CySysWdtGetCascade
                0x00000000       0x14 .\CortexM0\ARM_GCC_541\Debug\Lab010.a(CyLFClk.o)
 .text.CySysWdtSetMatch
                0x00000000       0x38 .\CortexM0\ARM_GCC_541\Debug\Lab010.a(CyLFClk.o)
 .text.CySysWdtSetToggleBit
                0x00000000       0x30 .\CortexM0\ARM_GCC_541\Debug\Lab010.a(CyLFClk.o)
 .text.CySysWdtGetToggleBit
                0x00000000       0x10 .\CortexM0\ARM_GCC_541\Debug\Lab010.a(CyLFClk.o)
 .text.CySysWdtGetMatch
                0x00000000       0x20 .\CortexM0\ARM_GCC_541\Debug\Lab010.a(CyLFClk.o)
 .text.CySysWdtGetCount
                0x00000000       0x3c .\CortexM0\ARM_GCC_541\Debug\Lab010.a(CyLFClk.o)
 .text.CySysClkLfclkPosedgeCatch
                0x00000000       0x74 .\CortexM0\ARM_GCC_541\Debug\Lab010.a(CyLFClk.o)
 .text.CySysClkIloStop
                0x00000000       0x38 .\CortexM0\ARM_GCC_541\Debug\Lab010.a(CyLFClk.o)
 .text.CySysWdtGetInterruptSource
                0x00000000       0x14 .\CortexM0\ARM_GCC_541\Debug\Lab010.a(CyLFClk.o)
 .text.CySysWdtResetCounters
                0x00000000       0x20 .\CortexM0\ARM_GCC_541\Debug\Lab010.a(CyLFClk.o)
 .text.CySysWdtSetInterruptCallback
                0x00000000       0x20 .\CortexM0\ARM_GCC_541\Debug\Lab010.a(CyLFClk.o)
 .text.CySysWdtGetInterruptCallback
                0x00000000       0x20 .\CortexM0\ARM_GCC_541\Debug\Lab010.a(CyLFClk.o)
 .text.CySysWdtEnableCounterIsr
                0x00000000       0x34 .\CortexM0\ARM_GCC_541\Debug\Lab010.a(CyLFClk.o)
 .text.CySysWdtDisableCounterIsr
                0x00000000       0x28 .\CortexM0\ARM_GCC_541\Debug\Lab010.a(CyLFClk.o)
 .text.CySysWatchdogFeed
                0x00000000       0x60 .\CortexM0\ARM_GCC_541\Debug\Lab010.a(CyLFClk.o)
 .text.CySysTimerDelayUntilMatch
                0x00000000       0x6c .\CortexM0\ARM_GCC_541\Debug\Lab010.a(CyLFClk.o)
 .text.CySysTimerDelay
                0x00000000       0x3c .\CortexM0\ARM_GCC_541\Debug\Lab010.a(CyLFClk.o)
 .rodata        0x00000000        0xc .\CortexM0\ARM_GCC_541\Debug\Lab010.a(CyLFClk.o)
 .data          0x00000000        0x0 .\CortexM0\ARM_GCC_541\Debug\Lab010.a(CyBootAsmGnu.o)
 .bss           0x00000000        0x0 .\CortexM0\ARM_GCC_541\Debug\Lab010.a(CyBootAsmGnu.o)
 .text          0x00000000        0x0 .\CortexM0\ARM_GCC_541\Debug\Lab010.a(CapSense_INT.o)
 .data          0x00000000        0x0 .\CortexM0\ARM_GCC_541\Debug\Lab010.a(CapSense_INT.o)
 .bss           0x00000000        0x0 .\CortexM0\ARM_GCC_541\Debug\Lab010.a(CapSense_INT.o)
 .text          0x00000000        0x0 C:\Program Files (x86)\Cypress\PSoC Creator\4.4\PSoC Creator\psoc\content\CyComponentLibrary\CyComponentLibrary.cylib\CapSense_P4_v7_0\PSoC4\Library\Capsense_P4Library_GCC.a(CapSense_SmartSense_LL.o)
 .data          0x00000000        0x0 C:\Program Files (x86)\Cypress\PSoC Creator\4.4\PSoC Creator\psoc\content\CyComponentLibrary\CyComponentLibrary.cylib\CapSense_P4_v7_0\PSoC4\Library\Capsense_P4Library_GCC.a(CapSense_SmartSense_LL.o)
 .bss           0x00000000        0x0 C:\Program Files (x86)\Cypress\PSoC Creator\4.4\PSoC Creator\psoc\content\CyComponentLibrary\CyComponentLibrary.cylib\CapSense_P4_v7_0\PSoC4\Library\Capsense_P4Library_GCC.a(CapSense_SmartSense_LL.o)
 .text          0x00000000        0x0 C:\Program Files (x86)\Cypress\PSoC Creator\4.4\PSoC Creator\psoc\content\CyComponentLibrary\CyComponentLibrary.cylib\CapSense_P4_v7_0\PSoC4\Library\Capsense_P4Library_GCC.a(CapSense_SmartSense_SL.o)
 .data          0x00000000        0x0 C:\Program Files (x86)\Cypress\PSoC Creator\4.4\PSoC Creator\psoc\content\CyComponentLibrary\CyComponentLibrary.cylib\CapSense_P4_v7_0\PSoC4\Library\Capsense_P4Library_GCC.a(CapSense_SmartSense_SL.o)
 .bss           0x00000000        0x0 C:\Program Files (x86)\Cypress\PSoC Creator\4.4\PSoC Creator\psoc\content\CyComponentLibrary\CyComponentLibrary.cylib\CapSense_P4_v7_0\PSoC4\Library\Capsense_P4Library_GCC.a(CapSense_SmartSense_SL.o)
 .data          0x00000000        0x0 c:/program files (x86)/cypress/psoc creator/4.4/psoc creator/import/gnu/arm/5.4.1/bin/../lib/gcc/arm-none-eabi/5.4.1/armv6-m\libgcc.a(_udivsi3.o)
 .bss           0x00000000        0x0 c:/program files (x86)/cypress/psoc creator/4.4/psoc creator/import/gnu/arm/5.4.1/bin/../lib/gcc/arm-none-eabi/5.4.1/armv6-m\libgcc.a(_udivsi3.o)
 .data          0x00000000        0x0 c:/program files (x86)/cypress/psoc creator/4.4/psoc creator/import/gnu/arm/5.4.1/bin/../lib/gcc/arm-none-eabi/5.4.1/armv6-m\libgcc.a(_dvmd_tls.o)
 .bss           0x00000000        0x0 c:/program files (x86)/cypress/psoc creator/4.4/psoc creator/import/gnu/arm/5.4.1/bin/../lib/gcc/arm-none-eabi/5.4.1/armv6-m\libgcc.a(_dvmd_tls.o)
 .text          0x00000000        0x0 c:/program files (x86)/cypress/psoc creator/4.4/psoc creator/import/gnu/arm/5.4.1/bin/../lib/gcc/arm-none-eabi/5.4.1/../../../../arm-none-eabi/lib/armv6-m\libg_nano.a(lib_a-errno.o)
 .data          0x00000000        0x0 c:/program files (x86)/cypress/psoc creator/4.4/psoc creator/import/gnu/arm/5.4.1/bin/../lib/gcc/arm-none-eabi/5.4.1/../../../../arm-none-eabi/lib/armv6-m\libg_nano.a(lib_a-errno.o)
 .bss           0x00000000        0x0 c:/program files (x86)/cypress/psoc creator/4.4/psoc creator/import/gnu/arm/5.4.1/bin/../lib/gcc/arm-none-eabi/5.4.1/../../../../arm-none-eabi/lib/armv6-m\libg_nano.a(lib_a-errno.o)
 .text          0x00000000        0x0 c:/program files (x86)/cypress/psoc creator/4.4/psoc creator/import/gnu/arm/5.4.1/bin/../lib/gcc/arm-none-eabi/5.4.1/../../../../arm-none-eabi/lib/armv6-m\libg_nano.a(lib_a-exit.o)
 .data          0x00000000        0x0 c:/program files (x86)/cypress/psoc creator/4.4/psoc creator/import/gnu/arm/5.4.1/bin/../lib/gcc/arm-none-eabi/5.4.1/../../../../arm-none-eabi/lib/armv6-m\libg_nano.a(lib_a-exit.o)
 .bss           0x00000000        0x0 c:/program files (x86)/cypress/psoc creator/4.4/psoc creator/import/gnu/arm/5.4.1/bin/../lib/gcc/arm-none-eabi/5.4.1/../../../../arm-none-eabi/lib/armv6-m\libg_nano.a(lib_a-exit.o)
 .text.exit     0x00000000       0x2c c:/program files (x86)/cypress/psoc creator/4.4/psoc creator/import/gnu/arm/5.4.1/bin/../lib/gcc/arm-none-eabi/5.4.1/../../../../arm-none-eabi/lib/armv6-m\libg_nano.a(lib_a-exit.o)
 .text          0x00000000        0x0 c:/program files (x86)/cypress/psoc creator/4.4/psoc creator/import/gnu/arm/5.4.1/bin/../lib/gcc/arm-none-eabi/5.4.1/../../../../arm-none-eabi/lib/armv6-m\libg_nano.a(lib_a-impure.o)
 .data          0x00000000        0x0 c:/program files (x86)/cypress/psoc creator/4.4/psoc creator/import/gnu/arm/5.4.1/bin/../lib/gcc/arm-none-eabi/5.4.1/../../../../arm-none-eabi/lib/armv6-m\libg_nano.a(lib_a-impure.o)
 .bss           0x00000000        0x0 c:/program files (x86)/cypress/psoc creator/4.4/psoc creator/import/gnu/arm/5.4.1/bin/../lib/gcc/arm-none-eabi/5.4.1/../../../../arm-none-eabi/lib/armv6-m\libg_nano.a(lib_a-impure.o)
 .rodata._global_impure_ptr
                0x00000000        0x4 c:/program files (x86)/cypress/psoc creator/4.4/psoc creator/import/gnu/arm/5.4.1/bin/../lib/gcc/arm-none-eabi/5.4.1/../../../../arm-none-eabi/lib/armv6-m\libg_nano.a(lib_a-impure.o)
 .text          0x00000000        0x0 c:/program files (x86)/cypress/psoc creator/4.4/psoc creator/import/gnu/arm/5.4.1/bin/../lib/gcc/arm-none-eabi/5.4.1/../../../../arm-none-eabi/lib/armv6-m\libg_nano.a(lib_a-init.o)
 .data          0x00000000        0x0 c:/program files (x86)/cypress/psoc creator/4.4/psoc creator/import/gnu/arm/5.4.1/bin/../lib/gcc/arm-none-eabi/5.4.1/../../../../arm-none-eabi/lib/armv6-m\libg_nano.a(lib_a-init.o)
 .bss           0x00000000        0x0 c:/program files (x86)/cypress/psoc creator/4.4/psoc creator/import/gnu/arm/5.4.1/bin/../lib/gcc/arm-none-eabi/5.4.1/../../../../arm-none-eabi/lib/armv6-m\libg_nano.a(lib_a-init.o)
 .text          0x00000000        0x0 c:/program files (x86)/cypress/psoc creator/4.4/psoc creator/import/gnu/arm/5.4.1/bin/../lib/gcc/arm-none-eabi/5.4.1/../../../../arm-none-eabi/lib/armv6-m\libg_nano.a(lib_a-memcpy-stub.o)
 .data          0x00000000        0x0 c:/program files (x86)/cypress/psoc creator/4.4/psoc creator/import/gnu/arm/5.4.1/bin/../lib/gcc/arm-none-eabi/5.4.1/../../../../arm-none-eabi/lib/armv6-m\libg_nano.a(lib_a-memcpy-stub.o)
 .bss           0x00000000        0x0 c:/program files (x86)/cypress/psoc creator/4.4/psoc creator/import/gnu/arm/5.4.1/bin/../lib/gcc/arm-none-eabi/5.4.1/../../../../arm-none-eabi/lib/armv6-m\libg_nano.a(lib_a-memcpy-stub.o)
 .text          0x00000000        0x0 c:/program files (x86)/cypress/psoc creator/4.4/psoc creator/import/gnu/arm/5.4.1/bin/../lib/gcc/arm-none-eabi/5.4.1/../../../../arm-none-eabi/lib/armv6-m\libg_nano.a(lib_a-memset.o)
 .data          0x00000000        0x0 c:/program files (x86)/cypress/psoc creator/4.4/psoc creator/import/gnu/arm/5.4.1/bin/../lib/gcc/arm-none-eabi/5.4.1/../../../../arm-none-eabi/lib/armv6-m\libg_nano.a(lib_a-memset.o)
 .bss           0x00000000        0x0 c:/program files (x86)/cypress/psoc creator/4.4/psoc creator/import/gnu/arm/5.4.1/bin/../lib/gcc/arm-none-eabi/5.4.1/../../../../arm-none-eabi/lib/armv6-m\libg_nano.a(lib_a-memset.o)
 .text          0x00000000        0x0 c:/program files (x86)/cypress/psoc creator/4.4/psoc creator/import/gnu/arm/5.4.1/bin/../lib/gcc/arm-none-eabi/5.4.1/armv6-m/crtend.o
 .data          0x00000000        0x0 c:/program files (x86)/cypress/psoc creator/4.4/psoc creator/import/gnu/arm/5.4.1/bin/../lib/gcc/arm-none-eabi/5.4.1/armv6-m/crtend.o
 .bss           0x00000000        0x0 c:/program files (x86)/cypress/psoc creator/4.4/psoc creator/import/gnu/arm/5.4.1/bin/../lib/gcc/arm-none-eabi/5.4.1/armv6-m/crtend.o
 .text          0x00000000        0x0 c:/program files (x86)/cypress/psoc creator/4.4/psoc creator/import/gnu/arm/5.4.1/bin/../lib/gcc/arm-none-eabi/5.4.1/armv6-m/crtn.o
 .data          0x00000000        0x0 c:/program files (x86)/cypress/psoc creator/4.4/psoc creator/import/gnu/arm/5.4.1/bin/../lib/gcc/arm-none-eabi/5.4.1/armv6-m/crtn.o
 .bss           0x00000000        0x0 c:/program files (x86)/cypress/psoc creator/4.4/psoc creator/import/gnu/arm/5.4.1/bin/../lib/gcc/arm-none-eabi/5.4.1/armv6-m/crtn.o

Memory Configuration

Name             Origin             Length             Attributes
rom              0x00000000         0x00008000         xr
ram              0x20000000         0x00001000         xrw
*default*        0x00000000         0xffffffff

Linker script and memory map

LOAD c:/program files (x86)/cypress/psoc creator/4.4/psoc creator/import/gnu/arm/5.4.1/bin/../lib/gcc/arm-none-eabi/5.4.1/armv6-m/crti.o
LOAD c:/program files (x86)/cypress/psoc creator/4.4/psoc creator/import/gnu/arm/5.4.1/bin/../lib/gcc/arm-none-eabi/5.4.1/armv6-m/crtbegin.o
LOAD c:/program files (x86)/cypress/psoc creator/4.4/psoc creator/import/gnu/arm/5.4.1/bin/../lib/gcc/arm-none-eabi/5.4.1/../../../../arm-none-eabi/lib/armv6-m/crt0.o
START GROUP
LOAD .\CortexM0\ARM_GCC_541\Debug\main.o
LOAD .\CortexM0\ARM_GCC_541\Debug\cyfitter_cfg.o
LOAD .\CortexM0\ARM_GCC_541\Debug\cymetadata.o
LOAD .\CortexM0\ARM_GCC_541\Debug\Cm0Start.o
LOAD .\CortexM0\ARM_GCC_541\Debug\Lab010.a
LOAD C:\Program Files (x86)\Cypress\PSoC Creator\4.4\PSoC Creator\psoc\content\CyComponentLibrary\CyComponentLibrary.cylib\CapSense_P4_v7_0\PSoC4\Library\Capsense_P4Library_GCC.a
END GROUP
START GROUP
LOAD c:/program files (x86)/cypress/psoc creator/4.4/psoc creator/import/gnu/arm/5.4.1/bin/../lib/gcc/arm-none-eabi/5.4.1/armv6-m\libgcc.a
LOAD c:/program files (x86)/cypress/psoc creator/4.4/psoc creator/import/gnu/arm/5.4.1/bin/../lib/gcc/arm-none-eabi/5.4.1/../../../../arm-none-eabi/lib/armv6-m\libg_nano.a
LOAD c:/program files (x86)/cypress/psoc creator/4.4/psoc creator/import/gnu/arm/5.4.1/bin/../lib/gcc/arm-none-eabi/5.4.1/../../../../arm-none-eabi/lib/armv6-m\libc_nano.a
END GROUP
START GROUP
LOAD c:/program files (x86)/cypress/psoc creator/4.4/psoc creator/import/gnu/arm/5.4.1/bin/../lib/gcc/arm-none-eabi/5.4.1/armv6-m\libgcc.a
LOAD c:/program files (x86)/cypress/psoc creator/4.4/psoc creator/import/gnu/arm/5.4.1/bin/../lib/gcc/arm-none-eabi/5.4.1/../../../../arm-none-eabi/lib/armv6-m\libc_nano.a
END GROUP
LOAD c:/program files (x86)/cypress/psoc creator/4.4/psoc creator/import/gnu/arm/5.4.1/bin/../lib/gcc/arm-none-eabi/5.4.1/armv6-m/crtend.o
LOAD c:/program files (x86)/cypress/psoc creator/4.4/psoc creator/import/gnu/arm/5.4.1/bin/../lib/gcc/arm-none-eabi/5.4.1/armv6-m/crtn.o
START GROUP
LOAD c:/program files (x86)/cypress/psoc creator/4.4/psoc creator/import/gnu/arm/5.4.1/bin/../lib/gcc/arm-none-eabi/5.4.1/armv6-m\libgcc.a
LOAD c:/program files (x86)/cypress/psoc creator/4.4/psoc creator/import/gnu/arm/5.4.1/bin/../lib/gcc/arm-none-eabi/5.4.1/../../../../arm-none-eabi/lib/armv6-m\libc.a
LOAD c:/program files (x86)/cypress/psoc creator/4.4/psoc creator/import/gnu/arm/5.4.1/bin/../lib/gcc/arm-none-eabi/5.4.1/../../../../arm-none-eabi/lib/armv6-m\libnosys.a
END GROUP
                0x00000000                CY_APPL_ORIGIN = 0x0
                0x00000080                CY_FLASH_ROW_SIZE = 0x80
                0x00000001                CY_APPL_NUM = 0x1
                0x00000001                CY_APPL_MAX = 0x1
                0x00000040                CY_METADATA_SIZE = 0x40
                0x00000000                CY_APPL_LOADABLE = 0x0
                0x00000000                CY_CHECKSUM_EXCLUDE_SIZE = ALIGN (0x0, CY_FLASH_ROW_SIZE)
                0x00000000                CY_APP_FOR_STACK_AND_COPIER = 0x0
                [!provide]                PROVIDE (__cy_heap_start, _end)
                0x00000001                PROVIDE (__cy_region_num, ((__cy_regions_end - __cy_regions) / 0x10))
                0x20001000                PROVIDE (__cy_stack, (ORIGIN (ram) + LENGTH (ram)))
                [!provide]                PROVIDE (__cy_heap_end, (__cy_stack - 0x400))

.cybootloader   0x00000000        0x0
 *(.cybootloader)
                0x00000000                appl1_start = CY_APPL_ORIGIN?CY_APPL_ORIGIN:ALIGN (CY_FLASH_ROW_SIZE)
                0x00003f80                appl2_start = (appl1_start + ALIGN ((((LENGTH (rom) - appl1_start) - (0x2 * CY_FLASH_ROW_SIZE)) / 0x2), CY_FLASH_ROW_SIZE))
                0x00000000                appl_start = (CY_APPL_NUM == 0x1)?appl1_start:appl2_start
                0x00000001                cy_project_type_bootloader = (appl_start == 0x0)?0x1:0x0
                0x00000000                cy_project_type_app_for_stack_and_copier = (CY_APP_FOR_STACK_AND_COPIER == 0x1)?0x1:0x0

.text           0x00000000     0x1c66
 CREATE_OBJECT_SYMBOLS
                0x00000000                PROVIDE (__cy_interrupt_vector, RomVectors)
 *(.romvectors)
 .romvectors    0x00000000       0x10 .\CortexM0\ARM_GCC_541\Debug\Cm0Start.o
                0x00000000                RomVectors
                0x00000001                ASSERT ((. != __cy_interrupt_vector), No interrupt vector)
                0x00000001                ASSERT (CY_APPL_ORIGIN?(SIZEOF (.cybootloader) <= CY_APPL_ORIGIN):0x1, Wrong image location)
                0x00000010                PROVIDE (__cy_reset, Reset)
 *(.text.Reset)
 .text.Reset    0x00000010        0x8 .\CortexM0\ARM_GCC_541\Debug\Cm0Start.o
                0x00000010                Reset
                0x00000001                ASSERT ((. != __cy_reset), No reset code)
 *(.psocinit)
 .psocinit      0x00000018      0x15c .\CortexM0\ARM_GCC_541\Debug\cyfitter_cfg.o
                0x000000a8                cyfitter_cfg
                0x00000174                . = MAX (., 0x100)
 *(.text .text.* .gnu.linkonce.t.*)
 .text          0x00000174       0x60 c:/program files (x86)/cypress/psoc creator/4.4/psoc creator/import/gnu/arm/5.4.1/bin/../lib/gcc/arm-none-eabi/5.4.1/armv6-m/crtbegin.o
 .text.main     0x000001d4       0x30 .\CortexM0\ARM_GCC_541\Debug\main.o
                0x000001d4                main
 .text.cfg_write_bytes32
                0x00000204       0x34 .\CortexM0\ARM_GCC_541\Debug\cyfitter_cfg.o
 .text.CYMEMZERO
                0x00000238        0xc .\CortexM0\ARM_GCC_541\Debug\cyfitter_cfg.o
 .text.SetAnalogRoutingPumps
                0x00000244       0x40 .\CortexM0\ARM_GCC_541\Debug\cyfitter_cfg.o
                0x00000244                SetAnalogRoutingPumps
 .text.AnalogSetDefault
                0x00000284        0xc .\CortexM0\ARM_GCC_541\Debug\cyfitter_cfg.o
 .text.IntDefaultHandler
                0x00000290       0x10 .\CortexM0\ARM_GCC_541\Debug\Cm0Start.o
                0x00000290                IntDefaultHandler
 .text.Start_c  0x000002a0       0x48 .\CortexM0\ARM_GCC_541\Debug\Cm0Start.o
                0x000002a0                Start_c
 .text.initialize_psoc
                0x000002e8       0x40 .\CortexM0\ARM_GCC_541\Debug\Cm0Start.o
                0x000002e8                initialize_psoc
 .text.CapSense_Initialize
                0x00000328       0x28 .\CortexM0\ARM_GCC_541\Debug\Lab010.a(CapSense_Control.o)
                0x00000328                CapSense_Initialize
 .text.CapSense_Start
                0x00000350       0x48 .\CortexM0\ARM_GCC_541\Debug\Lab010.a(CapSense_Control.o)
                0x00000350                CapSense_Start
 .text.CapSense_ProcessAllWidgets
                0x00000398       0x44 .\CortexM0\ARM_GCC_541\Debug\Lab010.a(CapSense_Control.o)
                0x00000398                CapSense_ProcessAllWidgets
 .text.CapSense_DpInitialize
                0x000003dc       0x58 .\CortexM0\ARM_GCC_541\Debug\Lab010.a(CapSense_Processing.o)
                0x000003dc                CapSense_DpInitialize
 .text.CapSense_DpUpdateThresholds
                0x00000434       0x34 .\CortexM0\ARM_GCC_541\Debug\Lab010.a(CapSense_Processing.o)
                0x00000434                CapSense_DpUpdateThresholds
 .text.CapSense_DpUpdateDifferences
                0x00000468       0x18 .\CortexM0\ARM_GCC_541\Debug\Lab010.a(CapSense_Processing.o)
                0x00000468                CapSense_DpUpdateDifferences
 .text.CapSense_DpProcessCsdWidgetRawCounts
                0x00000480       0x5c .\CortexM0\ARM_GCC_541\Debug\Lab010.a(CapSense_Processing.o)
                0x00000480                CapSense_DpProcessCsdWidgetRawCounts
 .text.CapSense_DpProcessButton
                0x000004dc       0x64 .\CortexM0\ARM_GCC_541\Debug\Lab010.a(CapSense_Processing.o)
                0x000004dc                CapSense_DpProcessButton
 .text.CapSense_DpProcessCsdWidgetStatus
                0x00000540       0x58 .\CortexM0\ARM_GCC_541\Debug\Lab010.a(CapSense_Processing.o)
                0x00000540                CapSense_DpProcessCsdWidgetStatus
 .text.CapSense_DsInitialize
                0x00000598       0x70 .\CortexM0\ARM_GCC_541\Debug\Lab010.a(CapSense_Structure.o)
                0x00000598                CapSense_DsInitialize
 .text.CapSense_IsWidgetActive
                0x00000608       0x24 .\CortexM0\ARM_GCC_541\Debug\Lab010.a(CapSense_Structure.o)
                0x00000608                CapSense_IsWidgetActive
 .text.CapSense_TuInitialize
                0x0000062c       0x14 .\CortexM0\ARM_GCC_541\Debug\Lab010.a(CapSense_Tuner.o)
                0x0000062c                CapSense_TuInitialize
 .text.CapSense_FtInitializeBaselineChannel
                0x00000640       0x20 .\CortexM0\ARM_GCC_541\Debug\Lab010.a(CapSense_Filter.o)
                0x00000640                CapSense_FtInitializeBaselineChannel
 .text.CapSense_FtInitializeBaseline
                0x00000660       0x20 .\CortexM0\ARM_GCC_541\Debug\Lab010.a(CapSense_Filter.o)
                0x00000660                CapSense_FtInitializeBaseline
 .text.CapSense_InitializeSensorBaseline
                0x00000680       0x20 .\CortexM0\ARM_GCC_541\Debug\Lab010.a(CapSense_Filter.o)
                0x00000680                CapSense_InitializeSensorBaseline
 .text.CapSense_InitializeWidgetBaseline
                0x000006a0       0x24 .\CortexM0\ARM_GCC_541\Debug\Lab010.a(CapSense_Filter.o)
                0x000006a0                CapSense_InitializeWidgetBaseline
 .text.CapSense_InitializeAllBaselines
                0x000006c4       0x18 .\CortexM0\ARM_GCC_541\Debug\Lab010.a(CapSense_Filter.o)
                0x000006c4                CapSense_InitializeAllBaselines
 .text.CapSense_InitializeWidgetFilter
                0x000006dc       0x40 .\CortexM0\ARM_GCC_541\Debug\Lab010.a(CapSense_Filter.o)
                0x000006dc                CapSense_InitializeWidgetFilter
 .text.CapSense_InitializeAllFilters
                0x0000071c       0x18 .\CortexM0\ARM_GCC_541\Debug\Lab010.a(CapSense_Filter.o)
                0x0000071c                CapSense_InitializeAllFilters
 .text.CapSense_FtInitialize
                0x00000734        0x8 .\CortexM0\ARM_GCC_541\Debug\Lab010.a(CapSense_Filter.o)
                0x00000734                CapSense_FtInitialize
 .text.CapSense_FtIIR1stOrder
                0x0000073c       0x14 .\CortexM0\ARM_GCC_541\Debug\Lab010.a(CapSense_Filter.o)
                0x0000073c                CapSense_FtIIR1stOrder
 .text.CapSense_FtUpdateBaseline
                0x00000750       0xa0 .\CortexM0\ARM_GCC_541\Debug\Lab010.a(CapSense_Filter.o)
                0x00000750                CapSense_FtUpdateBaseline
 .text.CapSense_SsTrimIdacsSourcing
                0x000007f0       0x2c .\CortexM0\ARM_GCC_541\Debug\Lab010.a(CapSense_Sensing.o)
 .text.CapSense_SsTrimIdacs
                0x0000081c        0x8 .\CortexM0\ARM_GCC_541\Debug\Lab010.a(CapSense_Sensing.o)
 .text.CapSense_IsBusy
                0x00000824       0x10 .\CortexM0\ARM_GCC_541\Debug\Lab010.a(CapSense_Sensing.o)
                0x00000824                CapSense_IsBusy
 .text.CapSense_SetupWidget
                0x00000834       0x40 .\CortexM0\ARM_GCC_541\Debug\Lab010.a(CapSense_Sensing.o)
                0x00000834                CapSense_SetupWidget
 .text.CapSense_Scan
                0x00000874       0x2c .\CortexM0\ARM_GCC_541\Debug\Lab010.a(CapSense_Sensing.o)
                0x00000874                CapSense_Scan
 .text.CapSense_ScanAllWidgets
                0x000008a0       0x3c .\CortexM0\ARM_GCC_541\Debug\Lab010.a(CapSense_Sensing.o)
                0x000008a0                CapSense_ScanAllWidgets
 .text.CapSense_SsSetAllIOsState
                0x000008dc       0x88 .\CortexM0\ARM_GCC_541\Debug\Lab010.a(CapSense_Sensing.o)
                0x000008dc                CapSense_SsSetAllIOsState
 .text.CapSense_SsPostAllWidgetsScan
                0x00000964        0x4 .\CortexM0\ARM_GCC_541\Debug\Lab010.a(CapSense_Sensing.o)
                0x00000964                CapSense_SsPostAllWidgetsScan
 .text.CapSense_SsSetModClkClockDivider
                0x00000968       0x28 .\CortexM0\ARM_GCC_541\Debug\Lab010.a(CapSense_Sensing.o)
                0x00000968                CapSense_SsSetModClkClockDivider
 .text.CapSense_SsSetSnsClockDivider
                0x00000990       0x28 .\CortexM0\ARM_GCC_541\Debug\Lab010.a(CapSense_Sensing.o)
                0x00000990                CapSense_SsSetSnsClockDivider
 .text.CapSense_SsCSDGetColSnsClkDivider
                0x000009b8       0x10 .\CortexM0\ARM_GCC_541\Debug\Lab010.a(CapSense_Sensing.o)
                0x000009b8                CapSense_SsCSDGetColSnsClkDivider
 .text.CapSense_SsCSDCalcPrsSize
                0x000009c8       0x28 .\CortexM0\ARM_GCC_541\Debug\Lab010.a(CapSense_Sensing.o)
                0x000009c8                CapSense_SsCSDCalcPrsSize
 .text.CapSense_SsSetWidgetSenseClkSrc
                0x000009f0       0x14 .\CortexM0\ARM_GCC_541\Debug\Lab010.a(CapSense_Sensing.o)
 .text.CapSense_SsAutoTuneWidget
                0x00000a04      0x158 .\CortexM0\ARM_GCC_541\Debug\Lab010.a(CapSense_Sensing.o)
                0x00000a04                CapSense_SsAutoTuneWidget
 .text.CapSense_SsAutoTune
                0x00000b5c       0x1c .\CortexM0\ARM_GCC_541\Debug\Lab010.a(CapSense_Sensing.o)
                0x00000b5c                CapSense_SsAutoTune
 .text.CapSense_SsInitializeSourceSenseClk
                0x00000b78       0x20 .\CortexM0\ARM_GCC_541\Debug\Lab010.a(CapSense_Sensing.o)
                0x00000b78                CapSense_SsInitializeSourceSenseClk
 .text.CapSense_WriteBitsSafe
                0x00000b98       0x1c .\CortexM0\ARM_GCC_541\Debug\Lab010.a(CapSense_Sensing.o)
                0x00000b98                CapSense_WriteBitsSafe
 .text.CapSense_SsCSDDisableMode
                0x00000bb4       0x18 .\CortexM0\ARM_GCC_541\Debug\Lab010.a(CapSense_Sensing.o)
 .text.CapSense_SsSwitchSensingMode
                0x00000bcc       0x3c .\CortexM0\ARM_GCC_541\Debug\Lab010.a(CapSense_Sensing.o)
                0x00000bcc                CapSense_SsSwitchSensingMode
 .text.CapSense_SsInitialize
                0x00000c08       0x2c .\CortexM0\ARM_GCC_541\Debug\Lab010.a(CapSense_Sensing.o)
                0x00000c08                CapSense_SsInitialize
 .text.CapSense_SsCSDConfigIDACs
                0x00000c34       0x10 .\CortexM0\ARM_GCC_541\Debug\Lab010.a(CapSense_SensingCSD_LL.o)
 .text.CapSense_SsCSDCalibrateCheck
                0x00000c44       0x98 .\CortexM0\ARM_GCC_541\Debug\Lab010.a(CapSense_SensingCSD_LL.o)
 .text.CapSense_SsCSDSwitchIdacGain
                0x00000cdc       0x9c .\CortexM0\ARM_GCC_541\Debug\Lab010.a(CapSense_SensingCSD_LL.o)
 .text.CapSense_SsCSDNormalizeIdac
                0x00000d78       0xcc .\CortexM0\ARM_GCC_541\Debug\Lab010.a(CapSense_SensingCSD_LL.o)
 .text.CapSense_SsCSDSetModeSnsClockDivider
                0x00000e44       0x1c .\CortexM0\ARM_GCC_541\Debug\Lab010.a(CapSense_SensingCSD_LL.o)
 .text.CapSense_SsCSDInitialize
                0x00000e60       0x54 .\CortexM0\ARM_GCC_541\Debug\Lab010.a(CapSense_SensingCSD_LL.o)
                0x00000e60                CapSense_SsCSDInitialize
 .text.CapSense_SsCSDSetUpIdacs
                0x00000eb4       0x50 .\CortexM0\ARM_GCC_541\Debug\Lab010.a(CapSense_SensingCSD_LL.o)
                0x00000eb4                CapSense_SsCSDSetUpIdacs
 .text.CapSense_SsCSDConfigClock
                0x00000f04       0x20 .\CortexM0\ARM_GCC_541\Debug\Lab010.a(CapSense_SensingCSD_LL.o)
                0x00000f04                CapSense_SsCSDConfigClock
 .text.CapSense_SsCSDCalculateScanDuration
                0x00000f24       0x14 .\CortexM0\ARM_GCC_541\Debug\Lab010.a(CapSense_SensingCSD_LL.o)
                0x00000f24                CapSense_SsCSDCalculateScanDuration
 .text.CapSense_SsCSDStartSample
                0x00000f38       0xac .\CortexM0\ARM_GCC_541\Debug\Lab010.a(CapSense_SensingCSD_LL.o)
                0x00000f38                CapSense_SsCSDStartSample
 .text.CapSense_CSDScanExt
                0x00000fe4       0x1c .\CortexM0\ARM_GCC_541\Debug\Lab010.a(CapSense_SensingCSD_LL.o)
                0x00000fe4                CapSense_CSDScanExt
 .text.CapSense_CSDConnectSns
                0x00001000       0x34 .\CortexM0\ARM_GCC_541\Debug\Lab010.a(CapSense_SensingCSD_LL.o)
                0x00001000                CapSense_CSDConnectSns
 .text.CapSense_CSDScan
                0x00001034       0x94 .\CortexM0\ARM_GCC_541\Debug\Lab010.a(CapSense_SensingCSD_LL.o)
                0x00001034                CapSense_CSDScan
 .text.CapSense_SsCSDConnectSensorExt
                0x000010c8       0x24 .\CortexM0\ARM_GCC_541\Debug\Lab010.a(CapSense_SensingCSD_LL.o)
                0x000010c8                CapSense_SsCSDConnectSensorExt
 .text.CapSense_CSDDisconnectSns
                0x000010ec       0x64 .\CortexM0\ARM_GCC_541\Debug\Lab010.a(CapSense_SensingCSD_LL.o)
                0x000010ec                CapSense_CSDDisconnectSns
 .text.CapSense_SsCSDElectrodeCheck
                0x00001150       0x24 .\CortexM0\ARM_GCC_541\Debug\Lab010.a(CapSense_SensingCSD_LL.o)
                0x00001150                CapSense_SsCSDElectrodeCheck
 .text.CapSense_CSDSetupWidget
                0x00001174       0x54 .\CortexM0\ARM_GCC_541\Debug\Lab010.a(CapSense_SensingCSD_LL.o)
                0x00001174                CapSense_CSDSetupWidget
 .text.CapSense_CSDSetupWidgetExt
                0x000011c8       0x6c .\CortexM0\ARM_GCC_541\Debug\Lab010.a(CapSense_SensingCSD_LL.o)
                0x000011c8                CapSense_CSDSetupWidgetExt
 .text.CapSense_SsCSDCalibrate
                0x00001234      0x158 .\CortexM0\ARM_GCC_541\Debug\Lab010.a(CapSense_SensingCSD_LL.o)
 .text.CapSense_CSDCalibrateWidget
                0x0000138c       0x74 .\CortexM0\ARM_GCC_541\Debug\Lab010.a(CapSense_SensingCSD_LL.o)
                0x0000138c                CapSense_CSDCalibrateWidget
 .text.led_Write
                0x00001400       0x18 .\CortexM0\ARM_GCC_541\Debug\Lab010.a(led.o)
                0x00001400                led_Write
 .text.CapSense_ISR_SetVector
                0x00001418        0xc .\CortexM0\ARM_GCC_541\Debug\Lab010.a(CapSense_ISR.o)
                0x00001418                CapSense_ISR_SetVector
 .text.CapSense_ISR_SetPriority
                0x00001424       0x20 .\CortexM0\ARM_GCC_541\Debug\Lab010.a(CapSense_ISR.o)
                0x00001424                CapSense_ISR_SetPriority
 .text.CapSense_ISR_Enable
                0x00001444       0x10 .\CortexM0\ARM_GCC_541\Debug\Lab010.a(CapSense_ISR.o)
                0x00001444                CapSense_ISR_Enable
 .text.CapSense_ISR_Disable
                0x00001454       0x10 .\CortexM0\ARM_GCC_541\Debug\Lab010.a(CapSense_ISR.o)
                0x00001454                CapSense_ISR_Disable
 .text.CapSense_ISR_StartEx
                0x00001464       0x1c .\CortexM0\ARM_GCC_541\Debug\Lab010.a(CapSense_ISR.o)
                0x00001464                CapSense_ISR_StartEx
 .text.CyIntEnable
                0x00001480       0x14 .\CortexM0\ARM_GCC_541\Debug\Lab010.a(CyLib.o)
                0x00001480                CyIntEnable
 .text.CyHalt   0x00001494        0x4 .\CortexM0\ARM_GCC_541\Debug\Lab010.a(CyLib.o)
                0x00001494                CyHalt
 .text.CyIntSetVector
                0x00001498       0x24 .\CortexM0\ARM_GCC_541\Debug\Lab010.a(CyLib.o)
                0x00001498                CyIntSetVector
 .text.CyDelayUs
                0x000014bc       0x14 .\CortexM0\ARM_GCC_541\Debug\Lab010.a(CyLib.o)
                0x000014bc                CyDelayUs
 .text.CySysClkWriteImoFreq
                0x000014d0      0x164 .\CortexM0\ARM_GCC_541\Debug\Lab010.a(CyLib.o)
                0x000014d0                CySysClkWriteImoFreq
 .text.CySysWdtLocked
                0x00001634       0x14 .\CortexM0\ARM_GCC_541\Debug\Lab010.a(CyLFClk.o)
 .text.CySysWdtLock
                0x00001648       0x1c .\CortexM0\ARM_GCC_541\Debug\Lab010.a(CyLFClk.o)
                0x00001648                CySysWdtLock
 .text.CySysWdtUnlock
                0x00001664       0x30 .\CortexM0\ARM_GCC_541\Debug\Lab010.a(CyLFClk.o)
                0x00001664                CySysWdtUnlock
 .text.CySysWdtClearInterrupt
                0x00001694       0x4c .\CortexM0\ARM_GCC_541\Debug\Lab010.a(CyLFClk.o)
                0x00001694                CySysWdtClearInterrupt
 .text.CySysWdtIsr
                0x000016e0       0xa4 .\CortexM0\ARM_GCC_541\Debug\Lab010.a(CyLFClk.o)
                0x000016e0                CySysWdtIsr
 *fill*         0x00001784        0x4 
 .text          0x00001788       0x24 .\CortexM0\ARM_GCC_541\Debug\Lab010.a(CyBootAsmGnu.o)
                0x00001788                CyDelayCycles
                0x0000179c                CyEnterCriticalSection
                0x000017a4                CyExitCriticalSection
 .text.CapSense_SsCSDPostScan
                0x000017ac       0x20 .\CortexM0\ARM_GCC_541\Debug\Lab010.a(CapSense_INT.o)
 .text.CapSense_SsCSDInitNextScan
                0x000017cc       0xa8 .\CortexM0\ARM_GCC_541\Debug\Lab010.a(CapSense_INT.o)
 .text.CapSense_CSDPostSingleScan
                0x00001874       0x44 .\CortexM0\ARM_GCC_541\Debug\Lab010.a(CapSense_INT.o)
                0x00001874                CapSense_CSDPostSingleScan
 .text.CapSense_CSDPostMultiScan
                0x000018b8       0x58 .\CortexM0\ARM_GCC_541\Debug\Lab010.a(CapSense_INT.o)
                0x000018b8                CapSense_CSDPostMultiScan
 .text.SmartSense_TunePrescalers
                0x00001910       0x60 C:\Program Files (x86)\Cypress\PSoC Creator\4.4\PSoC Creator\psoc\content\CyComponentLibrary\CyComponentLibrary.cylib\CapSense_P4_v7_0\PSoC4\Library\Capsense_P4Library_GCC.a(CapSense_SmartSense_LL.o)
                0x00001910                SmartSense_TunePrescalers
 .text.SmartSense_TuneSensitivity
                0x00001970       0x7c C:\Program Files (x86)\Cypress\PSoC Creator\4.4\PSoC Creator\psoc\content\CyComponentLibrary\CyComponentLibrary.cylib\CapSense_P4_v7_0\PSoC4\Library\Capsense_P4Library_GCC.a(CapSense_SmartSense_LL.o)
                0x00001970                SmartSense_TuneSensitivity
 .text.SmartSense_UpdateThresholds
                0x000019ec       0x42 C:\Program Files (x86)\Cypress\PSoC Creator\4.4\PSoC Creator\psoc\content\CyComponentLibrary\CyComponentLibrary.cylib\CapSense_P4_v7_0\PSoC4\Library\Capsense_P4Library_GCC.a(CapSense_SmartSense_SL.o)
                0x000019ec                SmartSense_UpdateThresholds
 .text.SmartSense_InitializeNoiseEnvelope
                0x00001a2e       0x18 C:\Program Files (x86)\Cypress\PSoC Creator\4.4\PSoC Creator\psoc\content\CyComponentLibrary\CyComponentLibrary.cylib\CapSense_P4_v7_0\PSoC4\Library\Capsense_P4Library_GCC.a(CapSense_SmartSense_SL.o)
                0x00001a2e                SmartSense_InitializeNoiseEnvelope
 .text.SmartSense_RunNoiseEnvelope
                0x00001a46       0x8e C:\Program Files (x86)\Cypress\PSoC Creator\4.4\PSoC Creator\psoc\content\CyComponentLibrary\CyComponentLibrary.cylib\CapSense_P4_v7_0\PSoC4\Library\Capsense_P4Library_GCC.a(CapSense_SmartSense_SL.o)
                0x00001a46                SmartSense_RunNoiseEnvelope
 .text          0x00001ad4      0x114 c:/program files (x86)/cypress/psoc creator/4.4/psoc creator/import/gnu/arm/5.4.1/bin/../lib/gcc/arm-none-eabi/5.4.1/armv6-m\libgcc.a(_udivsi3.o)
                0x00001ad4                __aeabi_uidiv
                0x00001ad4                __udivsi3
                0x00001be0                __aeabi_uidivmod
 .text          0x00001be8        0x4 c:/program files (x86)/cypress/psoc creator/4.4/psoc creator/import/gnu/arm/5.4.1/bin/../lib/gcc/arm-none-eabi/5.4.1/armv6-m\libgcc.a(_dvmd_tls.o)
                0x00001be8                __aeabi_idiv0
                0x00001be8                __aeabi_ldiv0
 .text.__errno  0x00001bec        0xc c:/program files (x86)/cypress/psoc creator/4.4/psoc creator/import/gnu/arm/5.4.1/bin/../lib/gcc/arm-none-eabi/5.4.1/../../../../arm-none-eabi/lib/armv6-m\libg_nano.a(lib_a-errno.o)
                0x00001bec                __errno
 .text.__libc_init_array
                0x00001bf8       0x4c c:/program files (x86)/cypress/psoc creator/4.4/psoc creator/import/gnu/arm/5.4.1/bin/../lib/gcc/arm-none-eabi/5.4.1/../../../../arm-none-eabi/lib/armv6-m\libg_nano.a(lib_a-init.o)
                0x00001bf8                __libc_init_array
 .text.memcpy   0x00001c44       0x12 c:/program files (x86)/cypress/psoc creator/4.4/psoc creator/import/gnu/arm/5.4.1/bin/../lib/gcc/arm-none-eabi/5.4.1/../../../../arm-none-eabi/lib/armv6-m\libg_nano.a(lib_a-memcpy-stub.o)
                0x00001c44                memcpy
 .text.memset   0x00001c56       0x10 c:/program files (x86)/cypress/psoc creator/4.4/psoc creator/import/gnu/arm/5.4.1/bin/../lib/gcc/arm-none-eabi/5.4.1/../../../../arm-none-eabi/lib/armv6-m\libg_nano.a(lib_a-memset.o)
                0x00001c56                memset
 *(.plt)
 *(.gnu.warning)
 *(.glue_7t)
 .glue_7t       0x00001c66        0x0 linker stubs
 *(.glue_7)
 .glue_7        0x00001c66        0x0 linker stubs
 *(.vfp11_veneer)
 .vfp11_veneer  0x00001c66        0x0 linker stubs
 *(.bootloader)
 *(.ARM.extab* .gnu.linkonce.armextab.*)
 *(.gcc_except_table)

.v4_bx          0x00001c68        0x0
 .v4_bx         0x00001c68        0x0 linker stubs

.iplt           0x00001c68        0x0
 .iplt          0x00001c68        0x0 c:/program files (x86)/cypress/psoc creator/4.4/psoc creator/import/gnu/arm/5.4.1/bin/../lib/gcc/arm-none-eabi/5.4.1/armv6-m/crtbegin.o

.eh_frame_hdr
 *(.eh_frame_hdr)

.eh_frame       0x00001c68        0x4
 *(.eh_frame)
 .eh_frame      0x00001c68        0x0 c:/program files (x86)/cypress/psoc creator/4.4/psoc creator/import/gnu/arm/5.4.1/bin/../lib/gcc/arm-none-eabi/5.4.1/armv6-m/crtbegin.o
 .eh_frame      0x00001c68        0x4 c:/program files (x86)/cypress/psoc creator/4.4/psoc creator/import/gnu/arm/5.4.1/bin/../lib/gcc/arm-none-eabi/5.4.1/armv6-m/crtend.o
                [!provide]                PROVIDE (__exidx_start, .)

.ARM.exidx
 *(.ARM.exidx* .gnu.linkonce.armexidx.*)
                0x00001c6c                __exidx_end = .

.rodata         0x00001c6c      0x10c
 *(.rodata .rodata.* .gnu.linkonce.r.*)
 .rodata        0x00001c6c       0x40 .\CortexM0\ARM_GCC_541\Debug\cyfitter_cfg.o
 .rodata        0x00001cac       0x54 .\CortexM0\ARM_GCC_541\Debug\Lab010.a(CapSense_Structure.o)
                0x00001cac                CapSense_ramIdacInit
                0x00001cb0                CapSense_dsFlash
                0x00001cd0                CapSense_ramWidgetInit
                0x00001ce4                CapSense_ioList
 .rodata        0x00001d00       0x11 .\CortexM0\ARM_GCC_541\Debug\Lab010.a(CapSense_Sensing.o)
                0x00001d00                CapSense_idacGainTable
                0x00001d10                CapSense_scanFreqIndex
 *fill*         0x00001d11        0x3 
 .rodata        0x00001d14       0x2e .\CortexM0\ARM_GCC_541\Debug\Lab010.a(CyLib.o)
                0x00001d14                cyImoFreqMhz2Reg
 .rodata.str1.1
                0x00001d42        0x2 c:/program files (x86)/cypress/psoc creator/4.4/psoc creator/import/gnu/arm/5.4.1/bin/../lib/gcc/arm-none-eabi/5.4.1/../../../../arm-none-eabi/lib/armv6-m\libg_nano.a(lib_a-impure.o)
                0x00001d44                . = ALIGN (0x4)
 *(.init)
 .init          0x00001d44        0x4 c:/program files (x86)/cypress/psoc creator/4.4/psoc creator/import/gnu/arm/5.4.1/bin/../lib/gcc/arm-none-eabi/5.4.1/armv6-m/crti.o
                0x00001d44                _init
 .init          0x00001d48        0x8 c:/program files (x86)/cypress/psoc creator/4.4/psoc creator/import/gnu/arm/5.4.1/bin/../lib/gcc/arm-none-eabi/5.4.1/armv6-m/crtn.o
                0x00001d50                . = ALIGN (0x4)
                0x00001d50                __preinit_array_start = .
 *(.preinit_array)
                0x00001d50                __preinit_array_end = .
                0x00001d50                . = ALIGN (0x4)
                0x00001d50                __init_array_start = .
 *(SORT(.init_array.*))
 *(.init_array)
 .init_array    0x00001d50        0x4 c:/program files (x86)/cypress/psoc creator/4.4/psoc creator/import/gnu/arm/5.4.1/bin/../lib/gcc/arm-none-eabi/5.4.1/armv6-m/crtbegin.o
 .init_array    0x00001d54        0x4 .\CortexM0\ARM_GCC_541\Debug\Cm0Start.o
                0x00001d58                __init_array_end = .
                0x00001d58                . = ALIGN (0x4)
 *(.fini)
 .fini          0x00001d58        0x4 c:/program files (x86)/cypress/psoc creator/4.4/psoc creator/import/gnu/arm/5.4.1/bin/../lib/gcc/arm-none-eabi/5.4.1/armv6-m/crti.o
                0x00001d58                _fini
 .fini          0x00001d5c        0x8 c:/program files (x86)/cypress/psoc creator/4.4/psoc creator/import/gnu/arm/5.4.1/bin/../lib/gcc/arm-none-eabi/5.4.1/armv6-m/crtn.o
                0x00001d64                . = ALIGN (0x4)
                0x00001d64                __fini_array_start = .
 *(.fini_array)
 .fini_array    0x00001d64        0x4 c:/program files (x86)/cypress/psoc creator/4.4/psoc creator/import/gnu/arm/5.4.1/bin/../lib/gcc/arm-none-eabi/5.4.1/armv6-m/crtbegin.o
 *(SORT(.fini_array.*))
                0x00001d68                __fini_array_end = .
                0x00001d68                . = ALIGN (0x4)
 *crtbegin.o(.ctors)
 *(EXCLUDE_FILE(*crtend.o) .ctors)
 *(SORT(.ctors.*))
 *crtend.o(.ctors)
                0x00001d68                . = ALIGN (0x4)
 *crtbegin.o(.dtors)
 *(EXCLUDE_FILE(*crtend.o) .dtors)
 *(SORT(.dtors.*))
 *crtend.o(.dtors)
                0x00001d68                . = ALIGN (0x4)
                0x00001d68                __cy_regions = .
                0x00001d68        0x4 LONG 0x1d78 __cy_region_init_ram
                0x00001d6c        0x4 LONG 0x200000c0 __cy_region_start_data
                0x00001d70        0x4 LONG 0x88 __cy_region_init_size_ram
                0x00001d74        0x4 LONG 0xa8 __cy_region_zero_size_ram
                0x00001d78                __cy_regions_end = .
                0x00001d78                . = ALIGN (0x8)
                0x00001d78                _etext = .

.cy_checksum_exclude
                0x00001d78        0x0
 *(.cy_checksum_exclude)

.ramvectors     0x20000000       0xc0
                0x20000000                __cy_region_start_ram = .
 *(.ramvectors)
 .ramvectors    0x20000000       0xc0 .\CortexM0\ARM_GCC_541\Debug\Cm0Start.o
                0x20000000                CyRamVectors

.noinit
 *(.noinit)

.data           0x200000c0       0x88 load address 0x00001d78
                0x200000c0                __cy_region_start_data = .
 *(.jcr)
 .jcr           0x200000c0        0x0 c:/program files (x86)/cypress/psoc creator/4.4/psoc creator/import/gnu/arm/5.4.1/bin/../lib/gcc/arm-none-eabi/5.4.1/armv6-m/crtbegin.o
 .jcr           0x200000c0        0x4 c:/program files (x86)/cypress/psoc creator/4.4/psoc creator/import/gnu/arm/5.4.1/bin/../lib/gcc/arm-none-eabi/5.4.1/armv6-m/crtend.o
 *(.got.plt)
 *(.got)
 *(.shdata)
 *(.data .data.* .gnu.linkonce.d.*)
 .data          0x200000c4        0x8 .\CortexM0\ARM_GCC_541\Debug\Lab010.a(CapSense_SensingCSD_LL.o)
                0x200000c4                CapSense_configCsd
 .data          0x200000cc       0x14 .\CortexM0\ARM_GCC_541\Debug\Lab010.a(CyLib.o)
                0x200000cc                CySysClkPumpConfig
                0x200000d0                cydelay32kMs
                0x200000d4                cydelayFreqKhz
                0x200000d8                cydelayFreqMhz
                0x200000dc                cydelayFreqHz
 .data          0x200000e0        0x4 .\CortexM0\ARM_GCC_541\Debug\Lab010.a(CyLFClk.o)
 .data.impure_data
                0x200000e4       0x60 c:/program files (x86)/cypress/psoc creator/4.4/psoc creator/import/gnu/arm/5.4.1/bin/../lib/gcc/arm-none-eabi/5.4.1/../../../../arm-none-eabi/lib/armv6-m\libg_nano.a(lib_a-impure.o)
 .data._impure_ptr
                0x20000144        0x4 c:/program files (x86)/cypress/psoc creator/4.4/psoc creator/import/gnu/arm/5.4.1/bin/../lib/gcc/arm-none-eabi/5.4.1/../../../../arm-none-eabi/lib/armv6-m\libg_nano.a(lib_a-impure.o)
                0x20000144                _impure_ptr
                0x20000148                . = ALIGN (0x8)
 *(.ram)
                0x20000148                _edata = .

.igot.plt       0x20000148        0x0 load address 0x00001e00
 .igot.plt      0x20000148        0x0 c:/program files (x86)/cypress/psoc creator/4.4/psoc creator/import/gnu/arm/5.4.1/bin/../lib/gcc/arm-none-eabi/5.4.1/armv6-m/crtbegin.o

.bss            0x20000148       0xa8 load address 0x00001e00
                0x20000148                PROVIDE (__bss_start__, .)
 *(.shbss)
 *(.bss .bss.* .gnu.linkonce.b.*)
 .bss           0x20000148       0x1c c:/program files (x86)/cypress/psoc creator/4.4/psoc creator/import/gnu/arm/5.4.1/bin/../lib/gcc/arm-none-eabi/5.4.1/armv6-m/crtbegin.o
 .bss           0x20000164        0x1 .\CortexM0\ARM_GCC_541\Debug\Lab010.a(CapSense_Control.o)
 *fill*         0x20000165        0x3 
 .bss           0x20000168        0xd .\CortexM0\ARM_GCC_541\Debug\Lab010.a(CapSense_Structure.o)
 *fill*         0x20000175        0x3 
 .bss           0x20000178        0x4 .\CortexM0\ARM_GCC_541\Debug\Lab010.a(CapSense_Tuner.o)
 .bss           0x2000017c        0x4 .\CortexM0\ARM_GCC_541\Debug\Lab010.a(CapSense_Sensing.o)
                0x2000017c                CapSense_currentSenseMethod
                0x2000017d                CapSense_requestScanAllWidget
                0x2000017e                CapSense_sensorIndex
                0x2000017f                CapSense_widgetIndex
 .bss           0x20000180        0x1 .\CortexM0\ARM_GCC_541\Debug\Lab010.a(CapSense_SensingCSD_LL.o)
 *fill*         0x20000181        0x3 
 .bss           0x20000184       0x20 .\CortexM0\ARM_GCC_541\Debug\Lab010.a(CyLFClk.o)
 *(COMMON)
 COMMON         0x200001a4       0x44 .\CortexM0\ARM_GCC_541\Debug\Lab010.a(CapSense_Structure.o)
                0x200001a4                CapSense_dsRam
 COMMON         0x200001e8        0x8 .\CortexM0\ARM_GCC_541\Debug\Lab010.a(CapSense_Sensing.o)
                0x200001e8                CapSense_curRamSnsPtr
                0x200001ec                CapSense_curSnsIOPtr
                0x200001f0                . = ALIGN (0x8)
 *(.ram.b)
                0x200001f0                _end = .
                0x200001f0                __end = .
                0x200001f0                PROVIDE (end, .)
                0x200001f0                PROVIDE (__bss_end__, .)
                0x00001d78                __cy_region_init_ram = LOADADDR (.data)
                0x00000088                __cy_region_init_size_ram = (_edata - ADDR (.data))
                0x000000a8                __cy_region_zero_size_ram = (_end - _edata)

.heap           0x200001f0       0x80 load address 0x00001e00
                0x200001f0                . = _end
                0x20000270                . = (. + 0x80)
 *fill*         0x200001f0       0x80 
                0x20000270                __cy_heap_limit = .

.stack          0x20000c00      0x400
                0x20000c00                __cy_stack_limit = .
                0x20001000                . = (. + 0x400)
 *fill*         0x20000c00      0x400 
                0x00000001                ASSERT ((__cy_stack_limit >= __cy_heap_limit), region RAM overflowed with stack)
                0x00000000                cy_checksum_exclude_size = (CY_APPL_LOADABLE == 0x1)?SIZEOF (.cy_checksum_exclude):0x0
                0x00000001                ASSERT ((cy_checksum_exclude_size <= CY_CHECKSUM_EXCLUDE_SIZE), CY_BOOT: Section .cy_checksum_exclude size exceedes specified limit.)
                0x00007fc0                cyloadermeta_start = (cy_project_type_bootloader || cy_project_type_app_for_stack_and_copier)?(LENGTH (rom) - CY_METADATA_SIZE):0xf0000000

.cyloadermeta
 *(.cyloadermeta)
                0x00007fc0                cyloadablemeta_start = cy_project_type_app_for_stack_and_copier?((LENGTH (rom) - CY_FLASH_ROW_SIZE) - CY_METADATA_SIZE):((LENGTH (rom) - (CY_FLASH_ROW_SIZE * (CY_APPL_NUM - 0x1))) - CY_METADATA_SIZE)

.cyloadablemeta
 *(.cyloadablemeta)

.cyflashprotect
                0x90400000       0x20
 *(.cyflashprotect)
 .cyflashprotect
                0x90400000       0x20 .\CortexM0\ARM_GCC_541\Debug\cymetadata.o
                0x90400000                cy_meta_flashprotect

.cymeta         0x90500000        0xc
 *(.cymeta)
 .cymeta        0x90500000        0xc .\CortexM0\ARM_GCC_541\Debug\cymetadata.o
                0x90500000                cy_metadata

.cychipprotect  0x90600000        0x1
 *(.cychipprotect)
 .cychipprotect
                0x90600000        0x1 .\CortexM0\ARM_GCC_541\Debug\cymetadata.o
                0x90600000                cy_meta_chipprotect

.rel.dyn        0x00001e00        0x0 load address 0x90600004
 .rel.iplt      0x00001e00        0x0 c:/program files (x86)/cypress/psoc creator/4.4/psoc creator/import/gnu/arm/5.4.1/bin/../lib/gcc/arm-none-eabi/5.4.1/armv6-m/crtbegin.o

.stab
 *(.stab)

.stabstr
 *(.stabstr)

.debug
 *(.debug)

.line
 *(.line)

.debug_srcinfo
 *(.debug_srcinfo)

.debug_sfnames
 *(.debug_sfnames)

.debug_aranges  0x00000000      0x878
 *(.debug_aranges)
 .debug_aranges
                0x00000000       0x20 .\CortexM0\ARM_GCC_541\Debug\main.o
 .debug_aranges
                0x00000020       0x48 .\CortexM0\ARM_GCC_541\Debug\cyfitter_cfg.o
 .debug_aranges
                0x00000068       0x18 .\CortexM0\ARM_GCC_541\Debug\cymetadata.o
 .debug_aranges
                0x00000080       0x48 .\CortexM0\ARM_GCC_541\Debug\Cm0Start.o
 .debug_aranges
                0x000000c8       0x68 .\CortexM0\ARM_GCC_541\Debug\Lab010.a(CapSense_Control.o)
 .debug_aranges
                0x00000130       0x50 .\CortexM0\ARM_GCC_541\Debug\Lab010.a(CapSense_Processing.o)
 .debug_aranges
                0x00000180       0x50 .\CortexM0\ARM_GCC_541\Debug\Lab010.a(CapSense_Structure.o)
 .debug_aranges
                0x000001d0       0x28 .\CortexM0\ARM_GCC_541\Debug\Lab010.a(CapSense_Tuner.o)
 .debug_aranges
                0x000001f8       0x90 .\CortexM0\ARM_GCC_541\Debug\Lab010.a(CapSense_Filter.o)
 .debug_aranges
                0x00000288      0x100 .\CortexM0\ARM_GCC_541\Debug\Lab010.a(CapSense_Sensing.o)
 .debug_aranges
                0x00000388       0xc0 .\CortexM0\ARM_GCC_541\Debug\Lab010.a(CapSense_SensingCSD_LL.o)
 .debug_aranges
                0x00000448       0x48 .\CortexM0\ARM_GCC_541\Debug\Lab010.a(led.o)
 .debug_aranges
                0x00000490       0x80 .\CortexM0\ARM_GCC_541\Debug\Lab010.a(CapSense_ISR.o)
 .debug_aranges
                0x00000510      0x180 .\CortexM0\ARM_GCC_541\Debug\Lab010.a(CyLib.o)
 .debug_aranges
                0x00000690      0x138 .\CortexM0\ARM_GCC_541\Debug\Lab010.a(CyLFClk.o)
 .debug_aranges
                0x000007c8       0x20 .\CortexM0\ARM_GCC_541\Debug\Lab010.a(CyBootAsmGnu.o)
 .debug_aranges
                0x000007e8       0x38 .\CortexM0\ARM_GCC_541\Debug\Lab010.a(CapSense_INT.o)
 .debug_aranges
                0x00000820       0x28 C:\Program Files (x86)\Cypress\PSoC Creator\4.4\PSoC Creator\psoc\content\CyComponentLibrary\CyComponentLibrary.cylib\CapSense_P4_v7_0\PSoC4\Library\Capsense_P4Library_GCC.a(CapSense_SmartSense_LL.o)
 .debug_aranges
                0x00000848       0x30 C:\Program Files (x86)\Cypress\PSoC Creator\4.4\PSoC Creator\psoc\content\CyComponentLibrary\CyComponentLibrary.cylib\CapSense_P4_v7_0\PSoC4\Library\Capsense_P4Library_GCC.a(CapSense_SmartSense_SL.o)

.debug_pubnames
 *(.debug_pubnames)

.debug_info     0x00000000     0x8b2e
 *(.debug_info .gnu.linkonce.wi.*)
 .debug_info    0x00000000      0x157 .\CortexM0\ARM_GCC_541\Debug\main.o
 .debug_info    0x00000157      0x404 .\CortexM0\ARM_GCC_541\Debug\cyfitter_cfg.o
 .debug_info    0x0000055b       0xf8 .\CortexM0\ARM_GCC_541\Debug\cymetadata.o
 .debug_info    0x00000653      0x3a2 .\CortexM0\ARM_GCC_541\Debug\Cm0Start.o
 .debug_info    0x000009f5      0xa63 .\CortexM0\ARM_GCC_541\Debug\Lab010.a(CapSense_Control.o)
 .debug_info    0x00001458      0xb94 .\CortexM0\ARM_GCC_541\Debug\Lab010.a(CapSense_Processing.o)
 .debug_info    0x00001fec      0xaba .\CortexM0\ARM_GCC_541\Debug\Lab010.a(CapSense_Structure.o)
 .debug_info    0x00002aa6      0x678 .\CortexM0\ARM_GCC_541\Debug\Lab010.a(CapSense_Tuner.o)
 .debug_info    0x0000311e      0xa23 .\CortexM0\ARM_GCC_541\Debug\Lab010.a(CapSense_Filter.o)
 .debug_info    0x00003b41     0x1438 .\CortexM0\ARM_GCC_541\Debug\Lab010.a(CapSense_Sensing.o)
 .debug_info    0x00004f79     0x123f .\CortexM0\ARM_GCC_541\Debug\Lab010.a(CapSense_SensingCSD_LL.o)
 .debug_info    0x000061b8      0x19b .\CortexM0\ARM_GCC_541\Debug\Lab010.a(led.o)
 .debug_info    0x00006353      0x305 .\CortexM0\ARM_GCC_541\Debug\Lab010.a(CapSense_ISR.o)
 .debug_info    0x00006658      0xaed .\CortexM0\ARM_GCC_541\Debug\Lab010.a(CyLib.o)
 .debug_info    0x00007145      0xcfe .\CortexM0\ARM_GCC_541\Debug\Lab010.a(CyLFClk.o)
 .debug_info    0x00007e43       0x8b .\CortexM0\ARM_GCC_541\Debug\Lab010.a(CyBootAsmGnu.o)
 .debug_info    0x00007ece      0x7b0 .\CortexM0\ARM_GCC_541\Debug\Lab010.a(CapSense_INT.o)
 .debug_info    0x0000867e      0x25c C:\Program Files (x86)\Cypress\PSoC Creator\4.4\PSoC Creator\psoc\content\CyComponentLibrary\CyComponentLibrary.cylib\CapSense_P4_v7_0\PSoC4\Library\Capsense_P4Library_GCC.a(CapSense_SmartSense_LL.o)
 .debug_info    0x000088da      0x254 C:\Program Files (x86)\Cypress\PSoC Creator\4.4\PSoC Creator\psoc\content\CyComponentLibrary\CyComponentLibrary.cylib\CapSense_P4_v7_0\PSoC4\Library\Capsense_P4Library_GCC.a(CapSense_SmartSense_SL.o)

.debug_abbrev   0x00000000     0x1c93
 *(.debug_abbrev)
 .debug_abbrev  0x00000000       0xb6 .\CortexM0\ARM_GCC_541\Debug\main.o
 .debug_abbrev  0x000000b6      0x1cf .\CortexM0\ARM_GCC_541\Debug\cyfitter_cfg.o
 .debug_abbrev  0x00000285       0x5d .\CortexM0\ARM_GCC_541\Debug\cymetadata.o
 .debug_abbrev  0x000002e2      0x1d7 .\CortexM0\ARM_GCC_541\Debug\Cm0Start.o
 .debug_abbrev  0x000004b9      0x218 .\CortexM0\ARM_GCC_541\Debug\Lab010.a(CapSense_Control.o)
 .debug_abbrev  0x000006d1      0x1c2 .\CortexM0\ARM_GCC_541\Debug\Lab010.a(CapSense_Processing.o)
 .debug_abbrev  0x00000893      0x21d .\CortexM0\ARM_GCC_541\Debug\Lab010.a(CapSense_Structure.o)
 .debug_abbrev  0x00000ab0      0x166 .\CortexM0\ARM_GCC_541\Debug\Lab010.a(CapSense_Tuner.o)
 .debug_abbrev  0x00000c16      0x206 .\CortexM0\ARM_GCC_541\Debug\Lab010.a(CapSense_Filter.o)
 .debug_abbrev  0x00000e1c      0x22a .\CortexM0\ARM_GCC_541\Debug\Lab010.a(CapSense_Sensing.o)
 .debug_abbrev  0x00001046      0x28b .\CortexM0\ARM_GCC_541\Debug\Lab010.a(CapSense_SensingCSD_LL.o)
 .debug_abbrev  0x000012d1       0xc8 .\CortexM0\ARM_GCC_541\Debug\Lab010.a(led.o)
 .debug_abbrev  0x00001399      0x19a .\CortexM0\ARM_GCC_541\Debug\Lab010.a(CapSense_ISR.o)
 .debug_abbrev  0x00001533      0x1d3 .\CortexM0\ARM_GCC_541\Debug\Lab010.a(CyLib.o)
 .debug_abbrev  0x00001706      0x210 .\CortexM0\ARM_GCC_541\Debug\Lab010.a(CyLFClk.o)
 .debug_abbrev  0x00001916       0x14 .\CortexM0\ARM_GCC_541\Debug\Lab010.a(CyBootAsmGnu.o)
 .debug_abbrev  0x0000192a      0x17f .\CortexM0\ARM_GCC_541\Debug\Lab010.a(CapSense_INT.o)
 .debug_abbrev  0x00001aa9      0x124 C:\Program Files (x86)\Cypress\PSoC Creator\4.4\PSoC Creator\psoc\content\CyComponentLibrary\CyComponentLibrary.cylib\CapSense_P4_v7_0\PSoC4\Library\Capsense_P4Library_GCC.a(CapSense_SmartSense_LL.o)
 .debug_abbrev  0x00001bcd       0xc6 C:\Program Files (x86)\Cypress\PSoC Creator\4.4\PSoC Creator\psoc\content\CyComponentLibrary\CyComponentLibrary.cylib\CapSense_P4_v7_0\PSoC4\Library\Capsense_P4Library_GCC.a(CapSense_SmartSense_SL.o)

.debug_line     0x00000000     0x28e1
 *(.debug_line)
 .debug_line    0x00000000       0xb1 .\CortexM0\ARM_GCC_541\Debug\main.o
 .debug_line    0x000000b1      0x18f .\CortexM0\ARM_GCC_541\Debug\cyfitter_cfg.o
 .debug_line    0x00000240      0x141 .\CortexM0\ARM_GCC_541\Debug\cymetadata.o
 .debug_line    0x00000381      0x235 .\CortexM0\ARM_GCC_541\Debug\Cm0Start.o
 .debug_line    0x000005b6      0x22e .\CortexM0\ARM_GCC_541\Debug\Lab010.a(CapSense_Control.o)
 .debug_line    0x000007e4      0x329 .\CortexM0\ARM_GCC_541\Debug\Lab010.a(CapSense_Processing.o)
 .debug_line    0x00000b0d      0x1dc .\CortexM0\ARM_GCC_541\Debug\Lab010.a(CapSense_Structure.o)
 .debug_line    0x00000ce9      0x138 .\CortexM0\ARM_GCC_541\Debug\Lab010.a(CapSense_Tuner.o)
 .debug_line    0x00000e21      0x24f .\CortexM0\ARM_GCC_541\Debug\Lab010.a(CapSense_Filter.o)
 .debug_line    0x00001070      0x5ff .\CortexM0\ARM_GCC_541\Debug\Lab010.a(CapSense_Sensing.o)
 .debug_line    0x0000166f      0x473 .\CortexM0\ARM_GCC_541\Debug\Lab010.a(CapSense_SensingCSD_LL.o)
 .debug_line    0x00001ae2       0xba .\CortexM0\ARM_GCC_541\Debug\Lab010.a(led.o)
 .debug_line    0x00001b9c      0x158 .\CortexM0\ARM_GCC_541\Debug\Lab010.a(CapSense_ISR.o)
 .debug_line    0x00001cf4      0x460 .\CortexM0\ARM_GCC_541\Debug\Lab010.a(CyLib.o)
 .debug_line    0x00002154      0x466 .\CortexM0\ARM_GCC_541\Debug\Lab010.a(CyLFClk.o)
 .debug_line    0x000025ba       0x69 .\CortexM0\ARM_GCC_541\Debug\Lab010.a(CyBootAsmGnu.o)
 .debug_line    0x00002623      0x147 .\CortexM0\ARM_GCC_541\Debug\Lab010.a(CapSense_INT.o)
 .debug_line    0x0000276a       0xa0 C:\Program Files (x86)\Cypress\PSoC Creator\4.4\PSoC Creator\psoc\content\CyComponentLibrary\CyComponentLibrary.cylib\CapSense_P4_v7_0\PSoC4\Library\Capsense_P4Library_GCC.a(CapSense_SmartSense_LL.o)
 .debug_line    0x0000280a       0xd7 C:\Program Files (x86)\Cypress\PSoC Creator\4.4\PSoC Creator\psoc\content\CyComponentLibrary\CyComponentLibrary.cylib\CapSense_P4_v7_0\PSoC4\Library\Capsense_P4Library_GCC.a(CapSense_SmartSense_SL.o)

.debug_frame    0x00000000     0x17a4
 *(.debug_frame)
 .debug_frame   0x00000000       0x2c .\CortexM0\ARM_GCC_541\Debug\main.o
 .debug_frame   0x0000002c       0xb8 .\CortexM0\ARM_GCC_541\Debug\cyfitter_cfg.o
 .debug_frame   0x000000e4       0xbc .\CortexM0\ARM_GCC_541\Debug\Cm0Start.o
 .debug_frame   0x000001a0      0x11c .\CortexM0\ARM_GCC_541\Debug\Lab010.a(CapSense_Control.o)
 .debug_frame   0x000002bc      0x100 .\CortexM0\ARM_GCC_541\Debug\Lab010.a(CapSense_Processing.o)
 .debug_frame   0x000003bc       0xc0 .\CortexM0\ARM_GCC_541\Debug\Lab010.a(CapSense_Structure.o)
 .debug_frame   0x0000047c       0x40 .\CortexM0\ARM_GCC_541\Debug\Lab010.a(CapSense_Tuner.o)
 .debug_frame   0x000004bc      0x1d0 .\CortexM0\ARM_GCC_541\Debug\Lab010.a(CapSense_Filter.o)
 .debug_frame   0x0000068c      0x348 .\CortexM0\ARM_GCC_541\Debug\Lab010.a(CapSense_Sensing.o)
 .debug_frame   0x000009d4      0x2c0 .\CortexM0\ARM_GCC_541\Debug\Lab010.a(CapSense_SensingCSD_LL.o)
 .debug_frame   0x00000c94       0x70 .\CortexM0\ARM_GCC_541\Debug\Lab010.a(led.o)
 .debug_frame   0x00000d04      0x110 .\CortexM0\ARM_GCC_541\Debug\Lab010.a(CapSense_ISR.o)
 .debug_frame   0x00000e14      0x3e0 .\CortexM0\ARM_GCC_541\Debug\Lab010.a(CyLib.o)
 .debug_frame   0x000011f4      0x3a8 .\CortexM0\ARM_GCC_541\Debug\Lab010.a(CyLFClk.o)
 .debug_frame   0x0000159c       0x78 .\CortexM0\ARM_GCC_541\Debug\Lab010.a(CapSense_INT.o)
 .debug_frame   0x00001614       0x5c C:\Program Files (x86)\Cypress\PSoC Creator\4.4\PSoC Creator\psoc\content\CyComponentLibrary\CyComponentLibrary.cylib\CapSense_P4_v7_0\PSoC4\Library\Capsense_P4Library_GCC.a(CapSense_SmartSense_LL.o)
 .debug_frame   0x00001670       0x58 C:\Program Files (x86)\Cypress\PSoC Creator\4.4\PSoC Creator\psoc\content\CyComponentLibrary\CyComponentLibrary.cylib\CapSense_P4_v7_0\PSoC4\Library\Capsense_P4Library_GCC.a(CapSense_SmartSense_SL.o)
 .debug_frame   0x000016c8       0x20 c:/program files (x86)/cypress/psoc creator/4.4/psoc creator/import/gnu/arm/5.4.1/bin/../lib/gcc/arm-none-eabi/5.4.1/armv6-m\libgcc.a(_udivsi3.o)
 .debug_frame   0x000016e8       0x20 c:/program files (x86)/cypress/psoc creator/4.4/psoc creator/import/gnu/arm/5.4.1/bin/../lib/gcc/arm-none-eabi/5.4.1/../../../../arm-none-eabi/lib/armv6-m\libg_nano.a(lib_a-errno.o)
 .debug_frame   0x00001708       0x28 c:/program files (x86)/cypress/psoc creator/4.4/psoc creator/import/gnu/arm/5.4.1/bin/../lib/gcc/arm-none-eabi/5.4.1/../../../../arm-none-eabi/lib/armv6-m\libg_nano.a(lib_a-exit.o)
 .debug_frame   0x00001730       0x2c c:/program files (x86)/cypress/psoc creator/4.4/psoc creator/import/gnu/arm/5.4.1/bin/../lib/gcc/arm-none-eabi/5.4.1/../../../../arm-none-eabi/lib/armv6-m\libg_nano.a(lib_a-init.o)
 .debug_frame   0x0000175c       0x28 c:/program files (x86)/cypress/psoc creator/4.4/psoc creator/import/gnu/arm/5.4.1/bin/../lib/gcc/arm-none-eabi/5.4.1/../../../../arm-none-eabi/lib/armv6-m\libg_nano.a(lib_a-memcpy-stub.o)
 .debug_frame   0x00001784       0x20 c:/program files (x86)/cypress/psoc creator/4.4/psoc creator/import/gnu/arm/5.4.1/bin/../lib/gcc/arm-none-eabi/5.4.1/../../../../arm-none-eabi/lib/armv6-m\libg_nano.a(lib_a-memset.o)

.debug_str      0x00000000     0x2cb1
 *(.debug_str)
 .debug_str     0x00000000      0x1c4 .\CortexM0\ARM_GCC_541\Debug\main.o
                                0x204 (size before relaxing)
 .debug_str     0x000001c4      0x153 .\CortexM0\ARM_GCC_541\Debug\cyfitter_cfg.o
                                0x2f8 (size before relaxing)
 .debug_str     0x00000317       0x63 .\CortexM0\ARM_GCC_541\Debug\cymetadata.o
                                0x1c3 (size before relaxing)
 .debug_str     0x0000037a      0x13a .\CortexM0\ARM_GCC_541\Debug\Cm0Start.o
                                0x2fc (size before relaxing)
 .debug_str     0x000004b4      0x78f .\CortexM0\ARM_GCC_541\Debug\Lab010.a(CapSense_Control.o)
                                0x972 (size before relaxing)
 .debug_str     0x00000c43      0x1d8 .\CortexM0\ARM_GCC_541\Debug\Lab010.a(CapSense_Processing.o)
                                0x8f4 (size before relaxing)
 .debug_str     0x00000e1b      0x1c6 .\CortexM0\ARM_GCC_541\Debug\Lab010.a(CapSense_Structure.o)
                                0x80f (size before relaxing)
 .debug_str     0x00000fe1      0x171 .\CortexM0\ARM_GCC_541\Debug\Lab010.a(CapSense_Tuner.o)
                                0x6a9 (size before relaxing)
 .debug_str     0x00001152      0x256 .\CortexM0\ARM_GCC_541\Debug\Lab010.a(CapSense_Filter.o)
                                0x801 (size before relaxing)
 .debug_str     0x000013a8      0x7dc .\CortexM0\ARM_GCC_541\Debug\Lab010.a(CapSense_Sensing.o)
                                0xec5 (size before relaxing)
 .debug_str     0x00001b84      0x35b .\CortexM0\ARM_GCC_541\Debug\Lab010.a(CapSense_SensingCSD_LL.o)
                                0xc51 (size before relaxing)
 .debug_str     0x00001edf       0x93 .\CortexM0\ARM_GCC_541\Debug\Lab010.a(led.o)
                                0x223 (size before relaxing)
 .debug_str     0x00001f72      0x14b .\CortexM0\ARM_GCC_541\Debug\Lab010.a(CapSense_ISR.o)
                                0x347 (size before relaxing)
 .debug_str     0x000020bd      0x45b .\CortexM0\ARM_GCC_541\Debug\Lab010.a(CyLib.o)
                                0x6b1 (size before relaxing)
 .debug_str     0x00002518      0x519 .\CortexM0\ARM_GCC_541\Debug\Lab010.a(CyLFClk.o)
                                0x738 (size before relaxing)
 .debug_str     0x00002a31       0x8d .\CortexM0\ARM_GCC_541\Debug\Lab010.a(CapSense_INT.o)
                                0x728 (size before relaxing)
 .debug_str     0x00002abe      0x186 C:\Program Files (x86)\Cypress\PSoC Creator\4.4\PSoC Creator\psoc\content\CyComponentLibrary\CyComponentLibrary.cylib\CapSense_P4_v7_0\PSoC4\Library\Capsense_P4Library_GCC.a(CapSense_SmartSense_LL.o)
                                0x2c4 (size before relaxing)
 .debug_str     0x00002c44       0x6d C:\Program Files (x86)\Cypress\PSoC Creator\4.4\PSoC Creator\psoc\content\CyComponentLibrary\CyComponentLibrary.cylib\CapSense_P4_v7_0\PSoC4\Library\Capsense_P4Library_GCC.a(CapSense_SmartSense_SL.o)
                                0x313 (size before relaxing)

.debug_loc      0x00000000     0x475f
 *(.debug_loc)
 .debug_loc     0x00000000       0x1f .\CortexM0\ARM_GCC_541\Debug\main.o
 .debug_loc     0x0000001f      0x14d .\CortexM0\ARM_GCC_541\Debug\cyfitter_cfg.o
 .debug_loc     0x0000016c      0x14f .\CortexM0\ARM_GCC_541\Debug\Cm0Start.o
 .debug_loc     0x000002bb      0x419 .\CortexM0\ARM_GCC_541\Debug\Lab010.a(CapSense_Control.o)
 .debug_loc     0x000006d4      0x5e8 .\CortexM0\ARM_GCC_541\Debug\Lab010.a(CapSense_Processing.o)
 .debug_loc     0x00000cbc      0x3ba .\CortexM0\ARM_GCC_541\Debug\Lab010.a(CapSense_Structure.o)
 .debug_loc     0x00001076      0x176 .\CortexM0\ARM_GCC_541\Debug\Lab010.a(CapSense_Tuner.o)
 .debug_loc     0x000011ec      0x8e6 .\CortexM0\ARM_GCC_541\Debug\Lab010.a(CapSense_Filter.o)
 .debug_loc     0x00001ad2      0x9d1 .\CortexM0\ARM_GCC_541\Debug\Lab010.a(CapSense_Sensing.o)
 .debug_loc     0x000024a3      0xd97 .\CortexM0\ARM_GCC_541\Debug\Lab010.a(CapSense_SensingCSD_LL.o)
 .debug_loc     0x0000323a       0x81 .\CortexM0\ARM_GCC_541\Debug\Lab010.a(led.o)
 .debug_loc     0x000032bb       0x82 .\CortexM0\ARM_GCC_541\Debug\Lab010.a(CapSense_ISR.o)
 .debug_loc     0x0000333d      0x599 .\CortexM0\ARM_GCC_541\Debug\Lab010.a(CyLib.o)
 .debug_loc     0x000038d6      0x9b5 .\CortexM0\ARM_GCC_541\Debug\Lab010.a(CyLFClk.o)
 .debug_loc     0x0000428b       0x3c .\CortexM0\ARM_GCC_541\Debug\Lab010.a(CapSense_INT.o)
 .debug_loc     0x000042c7      0x2ff C:\Program Files (x86)\Cypress\PSoC Creator\4.4\PSoC Creator\psoc\content\CyComponentLibrary\CyComponentLibrary.cylib\CapSense_P4_v7_0\PSoC4\Library\Capsense_P4Library_GCC.a(CapSense_SmartSense_LL.o)
 .debug_loc     0x000045c6      0x199 C:\Program Files (x86)\Cypress\PSoC Creator\4.4\PSoC Creator\psoc\content\CyComponentLibrary\CyComponentLibrary.cylib\CapSense_P4_v7_0\PSoC4\Library\Capsense_P4Library_GCC.a(CapSense_SmartSense_SL.o)

.debug_macinfo
 *(.debug_macinfo)

.debug_ranges   0x00000000      0x748
 *(.debug_ranges)
 .debug_ranges  0x00000000       0x10 .\CortexM0\ARM_GCC_541\Debug\main.o
 .debug_ranges  0x00000010       0x38 .\CortexM0\ARM_GCC_541\Debug\cyfitter_cfg.o
 .debug_ranges  0x00000048       0x38 .\CortexM0\ARM_GCC_541\Debug\Cm0Start.o
 .debug_ranges  0x00000080       0x58 .\CortexM0\ARM_GCC_541\Debug\Lab010.a(CapSense_Control.o)
 .debug_ranges  0x000000d8       0x40 .\CortexM0\ARM_GCC_541\Debug\Lab010.a(CapSense_Processing.o)
 .debug_ranges  0x00000118       0x40 .\CortexM0\ARM_GCC_541\Debug\Lab010.a(CapSense_Structure.o)
 .debug_ranges  0x00000158       0x18 .\CortexM0\ARM_GCC_541\Debug\Lab010.a(CapSense_Tuner.o)
 .debug_ranges  0x00000170       0x80 .\CortexM0\ARM_GCC_541\Debug\Lab010.a(CapSense_Filter.o)
 .debug_ranges  0x000001f0       0xf0 .\CortexM0\ARM_GCC_541\Debug\Lab010.a(CapSense_Sensing.o)
 .debug_ranges  0x000002e0       0xb0 .\CortexM0\ARM_GCC_541\Debug\Lab010.a(CapSense_SensingCSD_LL.o)
 .debug_ranges  0x00000390       0x38 .\CortexM0\ARM_GCC_541\Debug\Lab010.a(led.o)
 .debug_ranges  0x000003c8       0x70 .\CortexM0\ARM_GCC_541\Debug\Lab010.a(CapSense_ISR.o)
 .debug_ranges  0x00000438      0x170 .\CortexM0\ARM_GCC_541\Debug\Lab010.a(CyLib.o)
 .debug_ranges  0x000005a8      0x128 .\CortexM0\ARM_GCC_541\Debug\Lab010.a(CyLFClk.o)
 .debug_ranges  0x000006d0       0x28 .\CortexM0\ARM_GCC_541\Debug\Lab010.a(CapSense_INT.o)
 .debug_ranges  0x000006f8       0x30 C:\Program Files (x86)\Cypress\PSoC Creator\4.4\PSoC Creator\psoc\content\CyComponentLibrary\CyComponentLibrary.cylib\CapSense_P4_v7_0\PSoC4\Library\Capsense_P4Library_GCC.a(CapSense_SmartSense_LL.o)
 .debug_ranges  0x00000728       0x20 C:\Program Files (x86)\Cypress\PSoC Creator\4.4\PSoC Creator\psoc\content\CyComponentLibrary\CyComponentLibrary.cylib\CapSense_P4_v7_0\PSoC4\Library\Capsense_P4Library_GCC.a(CapSense_SmartSense_SL.o)

.comment        0x00000000       0x6e
 .comment       0x00000000       0x6e .\CortexM0\ARM_GCC_541\Debug\main.o
                                 0x6f (size before relaxing)
 .comment       0x0000006e       0x6f .\CortexM0\ARM_GCC_541\Debug\cyfitter_cfg.o
 .comment       0x0000006e       0x6f .\CortexM0\ARM_GCC_541\Debug\cymetadata.o
 .comment       0x0000006e       0x6f .\CortexM0\ARM_GCC_541\Debug\Cm0Start.o
 .comment       0x0000006e       0x6f .\CortexM0\ARM_GCC_541\Debug\Lab010.a(CapSense_Control.o)
 .comment       0x0000006e       0x6f .\CortexM0\ARM_GCC_541\Debug\Lab010.a(CapSense_Processing.o)
 .comment       0x0000006e       0x6f .\CortexM0\ARM_GCC_541\Debug\Lab010.a(CapSense_Structure.o)
 .comment       0x0000006e       0x6f .\CortexM0\ARM_GCC_541\Debug\Lab010.a(CapSense_Tuner.o)
 .comment       0x0000006e       0x6f .\CortexM0\ARM_GCC_541\Debug\Lab010.a(CapSense_Filter.o)
 .comment       0x0000006e       0x6f .\CortexM0\ARM_GCC_541\Debug\Lab010.a(CapSense_Sensing.o)
 .comment       0x0000006e       0x6f .\CortexM0\ARM_GCC_541\Debug\Lab010.a(CapSense_SensingCSD_LL.o)
 .comment       0x0000006e       0x6f .\CortexM0\ARM_GCC_541\Debug\Lab010.a(led.o)
 .comment       0x0000006e       0x6f .\CortexM0\ARM_GCC_541\Debug\Lab010.a(CapSense_ISR.o)
 .comment       0x0000006e       0x6f .\CortexM0\ARM_GCC_541\Debug\Lab010.a(CyLib.o)
 .comment       0x0000006e       0x6f .\CortexM0\ARM_GCC_541\Debug\Lab010.a(CyLFClk.o)
 .comment       0x0000006e       0x6f .\CortexM0\ARM_GCC_541\Debug\Lab010.a(CapSense_INT.o)
 .comment       0x0000006e       0x6f C:\Program Files (x86)\Cypress\PSoC Creator\4.4\PSoC Creator\psoc\content\CyComponentLibrary\CyComponentLibrary.cylib\CapSense_P4_v7_0\PSoC4\Library\Capsense_P4Library_GCC.a(CapSense_SmartSense_LL.o)
 .comment       0x0000006e       0x6f C:\Program Files (x86)\Cypress\PSoC Creator\4.4\PSoC Creator\psoc\content\CyComponentLibrary\CyComponentLibrary.cylib\CapSense_P4_v7_0\PSoC4\Library\Capsense_P4Library_GCC.a(CapSense_SmartSense_SL.o)

.debug_weaknames
 *(.debug_weaknames)

.debug_funcnames
 *(.debug_funcnames)

.debug_typenames
 *(.debug_typenames)

.debug_varnames
 *(.debug_varnames)

.note.gnu.arm.ident
 *(.note.gnu.arm.ident)

.ARM.attributes
                0x00000000       0x28
 *(.ARM.attributes)
 .ARM.attributes
                0x00000000       0x1e c:/program files (x86)/cypress/psoc creator/4.4/psoc creator/import/gnu/arm/5.4.1/bin/../lib/gcc/arm-none-eabi/5.4.1/armv6-m/crti.o
 .ARM.attributes
                0x0000001e       0x2c c:/program files (x86)/cypress/psoc creator/4.4/psoc creator/import/gnu/arm/5.4.1/bin/../lib/gcc/arm-none-eabi/5.4.1/armv6-m/crtbegin.o
 .ARM.attributes
                0x0000004a       0x1b c:/program files (x86)/cypress/psoc creator/4.4/psoc creator/import/gnu/arm/5.4.1/bin/../lib/gcc/arm-none-eabi/5.4.1/../../../../arm-none-eabi/lib/armv6-m/crt0.o
 .ARM.attributes
                0x00000065       0x31 .\CortexM0\ARM_GCC_541\Debug\main.o
 .ARM.attributes
                0x00000096       0x31 .\CortexM0\ARM_GCC_541\Debug\cyfitter_cfg.o
 .ARM.attributes
                0x000000c7       0x31 .\CortexM0\ARM_GCC_541\Debug\cymetadata.o
 .ARM.attributes
                0x000000f8       0x31 .\CortexM0\ARM_GCC_541\Debug\Cm0Start.o
 .ARM.attributes
                0x00000129       0x31 .\CortexM0\ARM_GCC_541\Debug\Lab010.a(CapSense_Control.o)
 .ARM.attributes
                0x0000015a       0x31 .\CortexM0\ARM_GCC_541\Debug\Lab010.a(CapSense_Processing.o)
 .ARM.attributes
                0x0000018b       0x31 .\CortexM0\ARM_GCC_541\Debug\Lab010.a(CapSense_Structure.o)
 .ARM.attributes
                0x000001bc       0x31 .\CortexM0\ARM_GCC_541\Debug\Lab010.a(CapSense_Tuner.o)
 .ARM.attributes
                0x000001ed       0x31 .\CortexM0\ARM_GCC_541\Debug\Lab010.a(CapSense_Filter.o)
 .ARM.attributes
                0x0000021e       0x31 .\CortexM0\ARM_GCC_541\Debug\Lab010.a(CapSense_Sensing.o)
 .ARM.attributes
                0x0000024f       0x31 .\CortexM0\ARM_GCC_541\Debug\Lab010.a(CapSense_SensingCSD_LL.o)
 .ARM.attributes
                0x00000280       0x31 .\CortexM0\ARM_GCC_541\Debug\Lab010.a(led.o)
 .ARM.attributes
                0x000002b1       0x31 .\CortexM0\ARM_GCC_541\Debug\Lab010.a(CapSense_ISR.o)
 .ARM.attributes
                0x000002e2       0x31 .\CortexM0\ARM_GCC_541\Debug\Lab010.a(CyLib.o)
 .ARM.attributes
                0x00000313       0x31 .\CortexM0\ARM_GCC_541\Debug\Lab010.a(CyLFClk.o)
 .ARM.attributes
                0x00000344       0x21 .\CortexM0\ARM_GCC_541\Debug\Lab010.a(CyBootAsmGnu.o)
 .ARM.attributes
                0x00000365       0x31 .\CortexM0\ARM_GCC_541\Debug\Lab010.a(CapSense_INT.o)
 .ARM.attributes
                0x00000396       0x31 C:\Program Files (x86)\Cypress\PSoC Creator\4.4\PSoC Creator\psoc\content\CyComponentLibrary\CyComponentLibrary.cylib\CapSense_P4_v7_0\PSoC4\Library\Capsense_P4Library_GCC.a(CapSense_SmartSense_LL.o)
 .ARM.attributes
                0x000003c7       0x31 C:\Program Files (x86)\Cypress\PSoC Creator\4.4\PSoC Creator\psoc\content\CyComponentLibrary\CyComponentLibrary.cylib\CapSense_P4_v7_0\PSoC4\Library\Capsense_P4Library_GCC.a(CapSense_SmartSense_SL.o)
 .ARM.attributes
                0x000003f8       0x1e c:/program files (x86)/cypress/psoc creator/4.4/psoc creator/import/gnu/arm/5.4.1/bin/../lib/gcc/arm-none-eabi/5.4.1/armv6-m\libgcc.a(_udivsi3.o)
 .ARM.attributes
                0x00000416       0x1e c:/program files (x86)/cypress/psoc creator/4.4/psoc creator/import/gnu/arm/5.4.1/bin/../lib/gcc/arm-none-eabi/5.4.1/armv6-m\libgcc.a(_dvmd_tls.o)
 .ARM.attributes
                0x00000434       0x2c c:/program files (x86)/cypress/psoc creator/4.4/psoc creator/import/gnu/arm/5.4.1/bin/../lib/gcc/arm-none-eabi/5.4.1/../../../../arm-none-eabi/lib/armv6-m\libg_nano.a(lib_a-errno.o)
 .ARM.attributes
                0x00000460       0x2c c:/program files (x86)/cypress/psoc creator/4.4/psoc creator/import/gnu/arm/5.4.1/bin/../lib/gcc/arm-none-eabi/5.4.1/../../../../arm-none-eabi/lib/armv6-m\libg_nano.a(lib_a-exit.o)
 .ARM.attributes
                0x0000048c       0x2c c:/program files (x86)/cypress/psoc creator/4.4/psoc creator/import/gnu/arm/5.4.1/bin/../lib/gcc/arm-none-eabi/5.4.1/../../../../arm-none-eabi/lib/armv6-m\libg_nano.a(lib_a-impure.o)
 .ARM.attributes
                0x000004b8       0x2c c:/program files (x86)/cypress/psoc creator/4.4/psoc creator/import/gnu/arm/5.4.1/bin/../lib/gcc/arm-none-eabi/5.4.1/../../../../arm-none-eabi/lib/armv6-m\libg_nano.a(lib_a-init.o)
 .ARM.attributes
                0x000004e4       0x2c c:/program files (x86)/cypress/psoc creator/4.4/psoc creator/import/gnu/arm/5.4.1/bin/../lib/gcc/arm-none-eabi/5.4.1/../../../../arm-none-eabi/lib/armv6-m\libg_nano.a(lib_a-memcpy-stub.o)
 .ARM.attributes
                0x00000510       0x2c c:/program files (x86)/cypress/psoc creator/4.4/psoc creator/import/gnu/arm/5.4.1/bin/../lib/gcc/arm-none-eabi/5.4.1/../../../../arm-none-eabi/lib/armv6-m\libg_nano.a(lib_a-memset.o)
 .ARM.attributes
                0x0000053c       0x2c c:/program files (x86)/cypress/psoc creator/4.4/psoc creator/import/gnu/arm/5.4.1/bin/../lib/gcc/arm-none-eabi/5.4.1/armv6-m/crtend.o
 .ARM.attributes
                0x00000568       0x1e c:/program files (x86)/cypress/psoc creator/4.4/psoc creator/import/gnu/arm/5.4.1/bin/../lib/gcc/arm-none-eabi/5.4.1/armv6-m/crtn.o

/DISCARD/
 *(.note.GNU-stack)
OUTPUT(C:\Users\MIHAILO\Documents\PSoC Creator\PSoC101\Lab010.cydsn\CortexM0\ARM_GCC_541\Debug\Lab010.elf elf32-littlearm)
